// Jest Snapshot v1, https://goo.gl/fbAQLP

exports[`SummaryComponent should display the correct header and caption 1`] = `
<cca-authorisation-additional-evidence-summary
  activatedRoute={[Function ActivatedRouteStub]}
  downloadUrl={[Function String]}
  requestTaskStore={[Function _RequestTaskStore]}
  summaryData={[Function Array]}
  taskId="null"
>
  <div>
    <netz-page-heading
      caption="Authorisation and additional evidence"
    >
      <span
        class="govuk-caption-l"
      >
        Authorisation and additional evidence
      </span>
      <h1
        class="govuk-heading-l"
      >
        Summary
      </h1>
    </netz-page-heading>
    <cca-summary>
      <dl
        class="govuk-summary-list govuk-!-margin-bottom-9"
        govuk-summary-list=""
      >
        <div
          class="govuk-summary-list__row"
          govuksummarylistrow=""
        >
          <dt
            class="govuk-summary-list__key"
            govuksummarylistrowkey=""
          >
            Authorisation
          </dt>
          <dd
            class="govuk-summary-list__value"
            govuksummarylistrowvalue=""
          >
            <cca-summary-download-files>
              <a
                class="govuk-link"
                href="/tasks/null/file-download/6a8ab09d-531e-4529-893e-6e0fac29a13b"
                target="_blank"
              >
                file_example_XLSX_50.xlsx
              </a>
            </cca-summary-download-files>
          </dd>
          <dd
            class="govuk-summary-list__actions"
            govuksummarylistrowactions=""
          >
            <a
              class="govuk-link"
              href="/?change=true"
            >
              Change
            </a>
          </dd>
        </div>
        <div
          class="govuk-summary-list__row"
          govuksummarylistrow=""
        >
          <dt
            class="govuk-summary-list__key"
            govuksummarylistrowkey=""
          >
            Additional evidence
          </dt>
          <dd
            class="govuk-summary-list__value"
            govuksummarylistrowvalue=""
          >
            <span>
              No files provided
            </span>
          </dd>
          <dd
            class="govuk-summary-list__actions"
            govuksummarylistrowactions=""
          >
            <a
              class="govuk-link"
              href="/?change=true"
            >
              Change
            </a>
          </dd>
        </div>
      </dl>
      <h2
        class="govuk-heading-m"
      >
        Decision Summary
      </h2>
      <dl
        class="govuk-summary-list govuk-!-margin-bottom-9"
        govuk-summary-list=""
      >
        <div
          class="govuk-summary-list__row"
          govuksummarylistrow=""
        >
          <dt
            class="govuk-summary-list__key"
            govuksummarylistrowkey=""
          >
            Decision status
          </dt>
          <dd
            class="govuk-summary-list__value"
            govuksummarylistrowvalue=""
          >
             Accepted 
          </dd>
          <dd
            class="govuk-summary-list__actions"
            govuksummarylistrowactions=""
          >
            <a
              class="govuk-link"
              href="/?change=true"
            >
              Change
            </a>
          </dd>
        </div>
        <div
          class="govuk-summary-list__row"
          govuksummarylistrow=""
        >
          <dt
            class="govuk-summary-list__key"
            govuksummarylistrowkey=""
          >
            Notes
          </dt>
          <dd
            class="govuk-summary-list__value"
            govuksummarylistrowvalue=""
          >
             asdasd 
          </dd>
          <dd
            class="govuk-summary-list__actions"
            govuksummarylistrowactions=""
          >
            <a
              class="govuk-link"
              href="/?change=true"
            >
              Change
            </a>
          </dd>
        </div>
        <div
          class="govuk-summary-list__row"
          govuksummarylistrow=""
        >
          <dt
            class="govuk-summary-list__key"
            govuksummarylistrowkey=""
          >
            Uploaded files
          </dt>
          <dd
            class="govuk-summary-list__value"
            govuksummarylistrowvalue=""
          >
            <span>
              No files provided
            </span>
          </dd>
          <dd
            class="govuk-summary-list__actions"
            govuksummarylistrowactions=""
          >
            <a
              class="govuk-link"
              href="/?change=true"
            >
              Change
            </a>
          </dd>
        </div>
      </dl>
    </cca-summary>
  </div><hr
    class="govuk-footer__section-break govuk-!-margin-bottom-3"
  /><netz-return-to-task-or-action-page>
    <a
      class="govuk-link"
      href="/undefined"
    >
       Return to: Review application for underlying agreement 
    </a>
  </netz-return-to-task-or-action-page>
</cca-authorisation-additional-evidence-summary>
`;
