// Jest Snapshot v1, https://goo.gl/fbAQLP

exports[`FacilityDecisionComponent should match snapshot 1`] = `
<div
  id="root0"
>
  <div>
    <cca-page-heading>
      
      <h1
        class="govuk-heading-l"
      >
        Facility 1 (ADS_1-F00001)
      </h1>
    </cca-page-heading>
    <cca-summary>
      <h2
        class="govuk-heading-m"
      >
        
      </h2>
      <dl
        class="govuk-summary-list govuk-!-margin-bottom-9"
        govuk-summary-list=""
      >
        <div
          class="govuk-summary-list__row"
          govuksummarylistrow=""
        >
          <dt
            class="govuk-summary-list__key"
            govuksummarylistrowkey=""
          >
            Facility status
          </dt>
          <dd
            class="govuk-summary-list__value"
            govuksummarylistrowvalue=""
          >
             Live 
            
            
            
            
            
            
          </dd>
          
        </div>
        
        
        
      </dl>
      <h2
        class="govuk-heading-m"
      >
        Facility Details
      </h2>
      <dl
        class="govuk-summary-list govuk-!-margin-bottom-9"
        govuk-summary-list=""
      >
        <div
          class="govuk-summary-list__row"
          govuksummarylistrow=""
        >
          <dt
            class="govuk-summary-list__key"
            govuksummarylistrowkey=""
          >
            Site name
          </dt>
          <dd
            class="govuk-summary-list__value"
            govuksummarylistrowvalue=""
          >
             Facility 1 
            
            
            
            
            
            
          </dd>
          <dd
            class="govuk-summary-list__actions"
            govuksummarylistrowactions=""
          >
            <a
              class="govuk-link"
              govuklink=""
              href="/?change=true"
            >
              Change
            </a>
          </dd>
          
        </div>
        <div
          class="govuk-summary-list__row"
          govuksummarylistrow=""
        >
          <dt
            class="govuk-summary-list__key"
            govuksummarylistrowkey=""
          >
            Facility code
          </dt>
          <dd
            class="govuk-summary-list__value"
            govuksummarylistrowvalue=""
          >
             ADS_1-F00001 
            
            
            
            
            
            
          </dd>
          
        </div>
        <div
          class="govuk-summary-list__row"
          govuksummarylistrow=""
        >
          <dt
            class="govuk-summary-list__key"
            govuksummarylistrowkey=""
          >
            Is this facility covered by UK ETS?
          </dt>
          <dd
            class="govuk-summary-list__value"
            govuksummarylistrowvalue=""
          >
             No 
            
            
            
            
            
            
          </dd>
          <dd
            class="govuk-summary-list__actions"
            govuksummarylistrowactions=""
          >
            <a
              class="govuk-link"
              govuklink=""
              href="/?change=true"
            >
              Change
            </a>
          </dd>
          
        </div>
        <div
          class="govuk-summary-list__row"
          govuksummarylistrow=""
        >
          <dt
            class="govuk-summary-list__key"
            govuksummarylistrowkey=""
          >
            UK ETS Installation Identifier
          </dt>
          <dd
            class="govuk-summary-list__value"
            govuksummarylistrowvalue=""
          >
              
            
            
            
            
            
            
          </dd>
          <dd
            class="govuk-summary-list__actions"
            govuksummarylistrowactions=""
          >
            <a
              class="govuk-link"
              govuklink=""
              href="/?change=true"
            >
              Change
            </a>
          </dd>
          
        </div>
        <div
          class="govuk-summary-list__row"
          govuksummarylistrow=""
        >
          <dt
            class="govuk-summary-list__key"
            govuksummarylistrowkey=""
          >
            Application reason
          </dt>
          <dd
            class="govuk-summary-list__value"
            govuksummarylistrowvalue=""
          >
             New agreement 
            
            
            
            
            
            
          </dd>
          <dd
            class="govuk-summary-list__actions"
            govuksummarylistrowactions=""
          >
            <a
              class="govuk-link"
              govuklink=""
              href="/?change=true"
            >
              Change
            </a>
          </dd>
          
        </div>
        <div
          class="govuk-summary-list__row"
          govuksummarylistrow=""
        >
          <dt
            class="govuk-summary-list__key"
            govuksummarylistrowkey=""
          >
            Previous facility ID
          </dt>
          <dd
            class="govuk-summary-list__value"
            govuksummarylistrowvalue=""
          >
              
            
            
            
            
            
            
          </dd>
          <dd
            class="govuk-summary-list__actions"
            govuksummarylistrowactions=""
          >
            <a
              class="govuk-link"
              govuklink=""
              href="/?change=true"
            >
              Change
            </a>
          </dd>
          
        </div>
        <div
          class="govuk-summary-list__row"
          govuksummarylistrow=""
        >
          <dt
            class="govuk-summary-list__key"
            govuksummarylistrowkey=""
          >
            Facility address
          </dt>
          <dd
            class="pre-wrap govuk-summary-list__value"
            govuksummarylistrowvalue=""
          >
             Facility Line1 
            
            
            <br />
            
             Facility Line2 
            
            
            <br />
            
             Facility City 
            
            
            <br />
            
             Facility 14 
            
            
            <br />
            
             GR 
            
            
            
            
            
            
          </dd>
          <dd
            class="govuk-summary-list__actions"
            govuksummarylistrowactions=""
          >
            <a
              class="govuk-link"
              govuklink=""
              href="/?change=true"
            >
              Change
            </a>
          </dd>
          
        </div>
        
        
        
      </dl>
      <h2
        class="govuk-heading-m"
      >
        Facility contact details
      </h2>
      <dl
        class="govuk-summary-list govuk-!-margin-bottom-9"
        govuk-summary-list=""
      >
        <div
          class="govuk-summary-list__row"
          govuksummarylistrow=""
        >
          <dt
            class="govuk-summary-list__key"
            govuksummarylistrowkey=""
          >
            First name
          </dt>
          <dd
            class="govuk-summary-list__value"
            govuksummarylistrowvalue=""
          >
             FacilityFirst 
            
            
            
            
            
            
          </dd>
          <dd
            class="govuk-summary-list__actions"
            govuksummarylistrowactions=""
          >
            <a
              class="govuk-link"
              govuklink=""
              href="/?change=true"
            >
              Change
            </a>
          </dd>
          
        </div>
        <div
          class="govuk-summary-list__row"
          govuksummarylistrow=""
        >
          <dt
            class="govuk-summary-list__key"
            govuksummarylistrowkey=""
          >
            Last name
          </dt>
          <dd
            class="govuk-summary-list__value"
            govuksummarylistrowvalue=""
          >
             FacilityLast 
            
            
            
            
            
            
          </dd>
          <dd
            class="govuk-summary-list__actions"
            govuksummarylistrowactions=""
          >
            <a
              class="govuk-link"
              govuklink=""
              href="/?change=true"
            >
              Change
            </a>
          </dd>
          
        </div>
        <div
          class="govuk-summary-list__row"
          govuksummarylistrow=""
        >
          <dt
            class="govuk-summary-list__key"
            govuksummarylistrowkey=""
          >
            Email address
          </dt>
          <dd
            class="govuk-summary-list__value"
            govuksummarylistrowvalue=""
          >
             facility@email.com 
            
            
            
            
            
            
          </dd>
          <dd
            class="govuk-summary-list__actions"
            govuksummarylistrowactions=""
          >
            <a
              class="govuk-link"
              govuklink=""
              href="/?change=true"
            >
              Change
            </a>
          </dd>
          
        </div>
        <div
          class="govuk-summary-list__row"
          govuksummarylistrow=""
        >
          <dt
            class="govuk-summary-list__key"
            govuksummarylistrowkey=""
          >
            Contact address
          </dt>
          <dd
            class="pre-wrap govuk-summary-list__value"
            govuksummarylistrowvalue=""
          >
             Facility Contact Line1 
            
            
            <br />
            
             Facility Contact Line2 
            
            
            <br />
            
             Facility Contact City 
            
            
            <br />
            
             Facility Contact 14 
            
            
            <br />
            
             GR 
            
            
            
            
            
            
          </dd>
          <dd
            class="govuk-summary-list__actions"
            govuksummarylistrowactions=""
          >
            <a
              class="govuk-link"
              govuklink=""
              href="/?change=true"
            >
              Change
            </a>
          </dd>
          
        </div>
        <div
          class="govuk-summary-list__row"
          govuksummarylistrow=""
        >
          <dt
            class="govuk-summary-list__key"
            govuksummarylistrowkey=""
          >
            Phone number
          </dt>
          <dd
            class="govuk-summary-list__value"
            govuksummarylistrowvalue=""
          >
             UK (44) 1234567890 
            
            
            
            
            
            
          </dd>
          <dd
            class="govuk-summary-list__actions"
            govuksummarylistrowactions=""
          >
            <a
              class="govuk-link"
              govuklink=""
              href="/?change=true"
            >
              Change
            </a>
          </dd>
          
        </div>
        
        
        
      </dl>
      <h2
        class="govuk-heading-m"
      >
        CCA eligibility details and authorisation
      </h2>
      <dl
        class="govuk-summary-list govuk-!-margin-bottom-9"
        govuk-summary-list=""
      >
        <div
          class="govuk-summary-list__row"
          govuksummarylistrow=""
        >
          <dt
            class="govuk-summary-list__key"
            govuksummarylistrowkey=""
          >
            Is the facility adjacent to or connected to an existing CCA facility?
          </dt>
          <dd
            class="govuk-summary-list__value"
            govuksummarylistrowvalue=""
          >
             Yes 
            
            
            
            
            
            
          </dd>
          <dd
            class="govuk-summary-list__actions"
            govuksummarylistrowactions=""
          >
            <a
              class="govuk-link"
              govuklink=""
              href="/?change=true"
            >
              Change
            </a>
          </dd>
          
        </div>
        <div
          class="govuk-summary-list__row"
          govuksummarylistrow=""
        >
          <dt
            class="govuk-summary-list__key"
            govuksummarylistrowkey=""
          >
            Facility ID of adjacent facility
          </dt>
          <dd
            class="govuk-summary-list__value"
            govuksummarylistrowvalue=""
          >
             ADS_1-F11111 
            
            
            
            
            
            
          </dd>
          <dd
            class="govuk-summary-list__actions"
            govuksummarylistrowactions=""
          >
            <a
              class="govuk-link"
              govuklink=""
              href="/?change=true"
            >
              Change
            </a>
          </dd>
          
        </div>
        <div
          class="govuk-summary-list__row"
          govuksummarylistrow=""
        >
          <dt
            class="govuk-summary-list__key"
            govuksummarylistrowkey=""
          >
            Agreement type - eligible under
          </dt>
          <dd
            class="govuk-summary-list__value"
            govuksummarylistrowvalue=""
          >
             Environmental Permitting Regulations (EPR) 
            
            
            
            
            
            
          </dd>
          <dd
            class="govuk-summary-list__actions"
            govuksummarylistrowactions=""
          >
            <a
              class="govuk-link"
              govuklink=""
              href="/?change=true"
            >
              Change
            </a>
          </dd>
          
        </div>
        <div
          class="govuk-summary-list__row"
          govuksummarylistrow=""
        >
          <dt
            class="govuk-summary-list__key"
            govuksummarylistrowkey=""
          >
            Do you hold a current Environmental Permitting Regulations (EPR) authorisation for any activity being carried out in the facility?
          </dt>
          <dd
            class="govuk-summary-list__value"
            govuksummarylistrowvalue=""
          >
             Yes 
            
            
            
            
            
            
          </dd>
          <dd
            class="govuk-summary-list__actions"
            govuksummarylistrowactions=""
          >
            <a
              class="govuk-link"
              govuklink=""
              href="/?change=true"
            >
              Change
            </a>
          </dd>
          
        </div>
        <div
          class="govuk-summary-list__row"
          govuksummarylistrow=""
        >
          <dt
            class="govuk-summary-list__key"
            govuksummarylistrowkey=""
          >
            Authorisation number
          </dt>
          <dd
            class="govuk-summary-list__value"
            govuksummarylistrowvalue=""
          >
             authorisation 
            
            
            
            
            
            
          </dd>
          <dd
            class="govuk-summary-list__actions"
            govuksummarylistrowactions=""
          >
            <a
              class="govuk-link"
              govuklink=""
              href="/?change=true"
            >
              Change
            </a>
          </dd>
          
        </div>
        <div
          class="govuk-summary-list__row"
          govuksummarylistrow=""
        >
          <dt
            class="govuk-summary-list__key"
            govuksummarylistrowkey=""
          >
            Regulator name
          </dt>
          <dd
            class="govuk-summary-list__value"
            govuksummarylistrowvalue=""
          >
             Environment Agency (England) 
            
            
            
            
            
            
          </dd>
          <dd
            class="govuk-summary-list__actions"
            govuksummarylistrowactions=""
          >
            <a
              class="govuk-link"
              govuklink=""
              href="/?change=true"
            >
              Change
            </a>
          </dd>
          
        </div>
        <div
          class="govuk-summary-list__row"
          govuksummarylistrow=""
        >
          <dt
            class="govuk-summary-list__key"
            govuksummarylistrowkey=""
          >
            Attach a copy of the permit
          </dt>
          <dd
            class="govuk-summary-list__value"
            govuksummarylistrowvalue=""
          >
            <cca-summary-download-files>
              <a
                class="govuk-link"
                govuklink=""
                href="/tasks/20/file-download/permitFile"
                target="_blank"
              >
                
              </a>
              
              
            </cca-summary-download-files>
            
            
            
            
          </dd>
          <dd
            class="govuk-summary-list__actions"
            govuksummarylistrowactions=""
          >
            <a
              class="govuk-link"
              govuklink=""
              href="/?change=true"
            >
              Change
            </a>
          </dd>
          
        </div>
        
        
        
      </dl>
      <h2
        class="govuk-heading-m"
      >
        Extent of the facility
      </h2>
      <dl
        class="govuk-summary-list govuk-!-margin-bottom-9"
        govuk-summary-list=""
      >
        <div
          class="govuk-summary-list__row"
          govuksummarylistrow=""
        >
          <dt
            class="govuk-summary-list__key"
            govuksummarylistrowkey=""
          >
            Manufacturing process description
          </dt>
          <dd
            class="govuk-summary-list__value"
            govuksummarylistrowvalue=""
          >
            <cca-summary-download-files>
              <a
                class="govuk-link"
                govuklink=""
                href="/tasks/20/file-download/manufacturingProcessFile"
                target="_blank"
              >
                manufacturingProcessFile.xlsx
              </a>
              
              
            </cca-summary-download-files>
            
            
            
            
          </dd>
          <dd
            class="govuk-summary-list__actions"
            govuksummarylistrowactions=""
          >
            <a
              class="govuk-link"
              govuklink=""
              href="/?change=true"
            >
              Change
            </a>
          </dd>
          
        </div>
        <div
          class="govuk-summary-list__row"
          govuksummarylistrow=""
        >
          <dt
            class="govuk-summary-list__key"
            govuksummarylistrowkey=""
          >
            Process flow maps
          </dt>
          <dd
            class="govuk-summary-list__value"
            govuksummarylistrowvalue=""
          >
            <cca-summary-download-files>
              <a
                class="govuk-link"
                govuklink=""
                href="/tasks/20/file-download/processFlowFile"
                target="_blank"
              >
                processFlowFile.xlsx
              </a>
              
              
            </cca-summary-download-files>
            
            
            
            
          </dd>
          <dd
            class="govuk-summary-list__actions"
            govuksummarylistrowactions=""
          >
            <a
              class="govuk-link"
              govuklink=""
              href="/?change=true"
            >
              Change
            </a>
          </dd>
          
        </div>
        <div
          class="govuk-summary-list__row"
          govuksummarylistrow=""
        >
          <dt
            class="govuk-summary-list__key"
            govuksummarylistrowkey=""
          >
            Annotated site plans
          </dt>
          <dd
            class="govuk-summary-list__value"
            govuksummarylistrowvalue=""
          >
            <cca-summary-download-files>
              <a
                class="govuk-link"
                govuklink=""
                href="/tasks/20/file-download/annotatedSitePlansFile"
                target="_blank"
              >
                annotatedSitePlansFile.xlsx
              </a>
              
              
            </cca-summary-download-files>
            
            
            
            
          </dd>
          <dd
            class="govuk-summary-list__actions"
            govuksummarylistrowactions=""
          >
            <a
              class="govuk-link"
              govuklink=""
              href="/?change=true"
            >
              Change
            </a>
          </dd>
          
        </div>
        <div
          class="govuk-summary-list__row"
          govuksummarylistrow=""
        >
          <dt
            class="govuk-summary-list__key"
            govuksummarylistrowkey=""
          >
            Eligible process description
          </dt>
          <dd
            class="govuk-summary-list__value"
            govuksummarylistrowvalue=""
          >
            <cca-summary-download-files>
              <a
                class="govuk-link"
                govuklink=""
                href="/tasks/20/file-download/eligibleProcessFile"
                target="_blank"
              >
                eligibleProcessFile.xlsx
              </a>
              
              
            </cca-summary-download-files>
            
            
            
            
          </dd>
          <dd
            class="govuk-summary-list__actions"
            govuksummarylistrowactions=""
          >
            <a
              class="govuk-link"
              govuklink=""
              href="/?change=true"
            >
              Change
            </a>
          </dd>
          
        </div>
        <div
          class="govuk-summary-list__row"
          govuksummarylistrow=""
        >
          <dt
            class="govuk-summary-list__key"
            govuksummarylistrowkey=""
          >
            Are any directly associated activities claimed?
          </dt>
          <dd
            class="govuk-summary-list__value"
            govuksummarylistrowvalue=""
          >
             Yes 
            
            
            
            
            
            
          </dd>
          <dd
            class="govuk-summary-list__actions"
            govuksummarylistrowactions=""
          >
            <a
              class="govuk-link"
              govuklink=""
              href="/?change=true"
            >
              Change
            </a>
          </dd>
          
        </div>
        <div
          class="govuk-summary-list__row"
          govuksummarylistrow=""
        >
          <dt
            class="govuk-summary-list__key"
            govuksummarylistrowkey=""
          >
            Directly associated activities description
          </dt>
          <dd
            class="govuk-summary-list__value"
            govuksummarylistrowvalue=""
          >
            <cca-summary-download-files>
              <a
                class="govuk-link"
                govuklink=""
                href="/tasks/20/file-download/activitiesDescriptionFile"
                target="_blank"
              >
                activitiesDescriptionFile.xlsx
              </a>
              
              
            </cca-summary-download-files>
            
            
            
            
          </dd>
          <dd
            class="govuk-summary-list__actions"
            govuksummarylistrowactions=""
          >
            <a
              class="govuk-link"
              govuklink=""
              href="/?change=true"
            >
              Change
            </a>
          </dd>
          
        </div>
        
        
        
      </dl>
      <h2
        class="govuk-heading-m"
      >
        Apply the 70% rule
      </h2>
      <dl
        class="govuk-summary-list govuk-!-margin-bottom-9"
        govuk-summary-list=""
      >
        <div
          class="govuk-summary-list__row"
          govuksummarylistrow=""
        >
          <dt
            class="govuk-summary-list__key"
            govuksummarylistrowkey=""
          >
            Energy consumed in the installation
          </dt>
          <dd
            class="govuk-summary-list__value"
            govuksummarylistrowvalue=""
          >
             50 % 
            
            
            
            
            
            
          </dd>
          <dd
            class="govuk-summary-list__actions"
            govuksummarylistrowactions=""
          >
            <a
              class="govuk-link"
              govuklink=""
              href="/?change=true"
            >
              Change
            </a>
          </dd>
          
        </div>
        <div
          class="govuk-summary-list__row"
          govuksummarylistrow=""
        >
          <dt
            class="govuk-summary-list__key"
            govuksummarylistrowkey=""
          >
            Energy consumed in relation to 3/7ths provision
          </dt>
          <dd
            class="govuk-summary-list__value"
            govuksummarylistrowvalue=""
          >
             40 % 
            
            
            
            
            
            
          </dd>
          <dd
            class="govuk-summary-list__actions"
            govuksummarylistrowactions=""
          >
            <a
              class="govuk-link"
              govuklink=""
              href="/?change=true"
            >
              Change
            </a>
          </dd>
          
        </div>
        <div
          class="govuk-summary-list__row"
          govuksummarylistrow=""
        >
          <dt
            class="govuk-summary-list__key"
            govuksummarylistrowkey=""
          >
            Energy consumed in eligible facility
          </dt>
          <dd
            class="govuk-summary-list__value"
            govuksummarylistrowvalue=""
          >
             70 % 
            
            
            
            
            
            
          </dd>
          <dd
            class="govuk-summary-list__actions"
            govuksummarylistrowactions=""
          >
            <a
              class="govuk-link"
              govuklink=""
              href="/?change=true"
            >
              Change
            </a>
          </dd>
          
        </div>
        <div
          class="govuk-summary-list__row"
          govuksummarylistrow=""
        >
          <dt
            class="govuk-summary-list__key"
            govuksummarylistrowkey=""
          >
            Sub-metered start date
          </dt>
          <dd
            class="govuk-summary-list__value"
            govuksummarylistrowvalue=""
          >
              
            
            
            
            
            
            
          </dd>
          <dd
            class="govuk-summary-list__actions"
            govuksummarylistrowactions=""
          >
            <a
              class="govuk-link"
              govuklink=""
              href="/?change=true"
            >
              Change
            </a>
          </dd>
          
        </div>
        <div
          class="govuk-summary-list__row"
          govuksummarylistrow=""
        >
          <dt
            class="govuk-summary-list__key"
            govuksummarylistrowkey=""
          >
            Evidence
          </dt>
          <dd
            class="govuk-summary-list__value"
            govuksummarylistrowvalue=""
          >
            <cca-summary-download-files>
              <a
                class="govuk-link"
                govuklink=""
                href="/tasks/20/file-download/evidenceFile"
                target="_blank"
              >
                evidenceFile.xlsx
              </a>
              
              
            </cca-summary-download-files>
            
            
            
            
          </dd>
          <dd
            class="govuk-summary-list__actions"
            govuksummarylistrowactions=""
          >
            <a
              class="govuk-link"
              govuklink=""
              href="/?change=true"
            >
              Change
            </a>
          </dd>
          
        </div>
        
        
        
      </dl>
      
    </cca-summary>
    <cca-wizard-step
      class="ng-untouched ng-pristine ng-valid"
    >
      <form
        class="ng-untouched ng-pristine ng-valid"
        novalidate=""
      >
        
        <cca-page-heading>
          
          <h1
            class="govuk-heading-l"
          >
            
          </h1>
        </cca-page-heading>
        <cca-decision-with-date>
          <h2
            class="govuk-heading-m"
          >
            What is your decision on the information submitted?
          </h2>
          <span
            class="govuk-hint"
          >
            Use your judgement to make minor changes within the details if needed
          </span>
          <div
            class="govuk-!-display-block govuk-form-group ng-untouched ng-pristine ng-valid"
            formcontrolname="type"
            govuk-radio=""
          >
            <div
              class="govuk-form-group"
            >
              <fieldset
                class="govuk-fieldset"
                govukfieldset=""
                id="type"
              >
                <legend
                  class="govuk-fieldset__legend"
                  govuklegend=""
                  id="l.type"
                >
                  
                  
                </legend>
                
                
                <div
                  class="govuk-radios"
                >
                  
                  <div
                    class="govuk-radios__item"
                  >
                    <input
                      class="govuk-radios__input"
                      id="type-option0"
                      name="type"
                      type="radio"
                      value="ACCEPTED"
                    />
                    <label
                      class="govuk-label govuk-radios__label"
                      for="type-option0"
                    >
                      Accepted
                      
                      
                      
                    </label>
                    
                  </div>
                  
                  
                  
                  
                  
                  <div
                    class="govuk-radios__item"
                  >
                    <input
                      class="govuk-radios__input"
                      id="type-option1"
                      name="type"
                      type="radio"
                      value="REJECTED"
                    />
                    <label
                      class="govuk-label govuk-radios__label"
                      for="type-option1"
                    >
                      Rejected
                      
                      
                      
                    </label>
                    
                  </div>
                  
                  
                  
                  
                  
                </div>
              </fieldset>
            </div>
          </div>
          <div
            class="govuk-!-display-block govuk-form-group ng-untouched ng-pristine ng-valid"
            formcontrolname="notes"
            govuk-textarea=""
            hint="The operator cannot view this"
            label="Notes"
          >
            <label
              class="govuk-label"
              for="notes"
              id="l.notes"
            >
               Notes

            </label>
            <div
              class="govuk-hint"
              id="notes-hint"
            >
               The operator cannot view this

            </div>
            
            
            <textarea
              aria-describedby="notes-hint"
              class="govuk-textarea govuk-!-margin-bottom-1 ng-untouched ng-pristine ng-valid"
              id="notes"
              name="notes"
              rows="5"
            />
            
          </div>
          <cca-multiple-file-input
            class="ng-untouched ng-pristine ng-valid"
            formcontrolname="files"
            label="Upload evidence (optional)"
          >
            <div
              class="moj-multi-file-upload moj-multi-file-upload--enhanced"
            >
              <div
                class="moj-multi-file-upload__upload"
              >
                <div
                  class="govuk-form-group"
                >
                  <label
                    class="govuk-label govuk-label--null"
                    for="files"
                    id="l.files"
                  >
                    Upload evidence (optional)
                  </label>
                  <span
                    class="govuk-hint"
                    id="files-hint-file-size"
                  >
                     Your document must be a DOC, DOCX, XLS, XLSX, PPT, PPTX, VSD, VSDX, JPG, JPEG, PDF, PNG, TIF, TXT, DIB, BMP or CSV file, no more than 20MB. 
                  </span>
                  
                  
                  
                  <div
                    class="moj-multi-file-upload__dropzone govuk-!-margin-top-4"
                  >
                    <input
                      accept="*/*"
                      aria-labelledby="l.files ld.files"
                      class="govuk-file-upload moj-multi-file-upload__input"
                      id="files"
                      multiple=""
                      name="files"
                      type="file"
                    />
                    <p
                      class="govuk-body"
                    >
                      Drag and drop files here or
                    </p>
                    <label
                      class="govuk-button govuk-button--secondary"
                      for="files"
                      id="ld.files"
                    >
                       Choose files 
                    </label>
                    <div
                      aria-live="polite"
                      class="govuk-visually-hidden"
                      role="status"
                    >
                      
                    </div>
                  </div>
                </div>
              </div>
              <cca-file-upload-list>
                <div
                  class="moj-multi-file__uploaded-files moj-hidden"
                >
                  
                  <dl
                    class="govuk-summary-list moj-multi-file-upload__list"
                  >
                    
                  </dl>
                  
                  
                  
                  
                  
                  
                </div>
                
              </cca-file-upload-list>
            </div>
          </cca-multiple-file-input>
        </cca-decision-with-date>
        <button
          ccapendingbutton=""
          class="govuk-button"
          govukbutton=""
          type="submit"
        >
          Continue
        </button>
        
        
      </form>
    </cca-wizard-step>
  </div>
  
  <hr
    class="govuk-footer__section-break govuk-!-margin-bottom-3"
  />
  <netz-return-to-task-or-action-page>
    <a
      class="govuk-link"
      govuklink=""
      href="/undefined"
    >
       Return to: Review underlying agreement variation 
    </a>
  </netz-return-to-task-or-action-page>
</div>
`;
