// Vitest Snapshot v1, https://vitest.dev/guide/snapshot.html

exports[`AvailableActionsComponent > should match snapshot for AvailableActionsComponent 1`] = `"<div class="govuk-width-container"><netz-page-heading><!--container--><h1 class="govuk-heading-l">Overall decision</h1></netz-page-heading><!--container--><h2 class="govuk-heading-m">Available actions</h2><p>Based on the current status of the determination</p><div><button netzpendingbutton="" govukbutton="" type="button" class="govuk-!-margin-right-2 govuk-button"> Accept </button><!--container--><button netzpendingbutton="" govukbutton="" type="button" class="govuk-button">Reject</button><!--container--></div></div><hr class="govuk-footer__section-break govuk-!-margin-bottom-3"><netz-return-to-task-or-action-page><a class="govuk-link" href="/undefined"> Return to: Review application for underlying agreement </a></netz-return-to-task-or-action-page>"`;
