// Jest Snapshot v1, https://goo.gl/fbAQLP

exports[`AvailableActionsComponent should match snapshot for AvailableActionsComponent 1`] = `
<div
  id="root0"
>
  <div
    class="govuk-width-container"
  >
    <netz-page-heading>
      
      <h1
        class="govuk-heading-l"
      >
        Overall decision
      </h1>
    </netz-page-heading>
    
    <h2
      class="govuk-heading-m"
    >
      Available actions
    </h2>
    <p
      class="govuk-body"
    >
      Based on the current status of the determination
    </p>
    <div>
      <button
        class="govuk-!-margin-right-2 govuk-button"
        govukbutton=""
        netzpendingbutton=""
        type="button"
      >
         Accept 
      </button>
      
      <button
        class="govuk-button"
        govukbutton=""
        netzpendingbutton=""
        type="button"
      >
        Reject
      </button>
      
    </div>
  </div>
  <hr
    class="govuk-footer__section-break govuk-!-margin-bottom-3"
  />
  <netz-return-to-task-or-action-page>
    <a
      govuklink=""
      href="/undefined"
    >
       Return to: Review application for underlying agreement 
    </a>
  </netz-return-to-task-or-action-page>
</div>
`;
