// Jest Snapshot v1, https://goo.gl/fbAQLP

exports[`TargetPeriod5Component should show summary values 1`] = `
<cca-una-submitted-target-period-5
  requestActionStore={[Function _RequestActionStore]}
  summaryData={[Function Function]}
>
  <div>
    <netz-page-heading>
      <h1
        class="govuk-heading-l"
      >
        TP5 (2021-2022)
      </h1>
    </netz-page-heading>
    <cca-summary>
      <dl
        class="govuk-summary-list govuk-!-margin-bottom-9"
        govuk-summary-list=""
      >
        <div
          class="govuk-summary-list__row"
          govuksummarylistrow=""
        >
          <dt
            class="govuk-summary-list__key"
            govuksummarylistrowkey=""
          >
            Are you providing baseline and target information for TP5 (2021 to 2022)?
          </dt>
          <dd
            class="govuk-summary-list__value"
            govuksummarylistrowvalue=""
          >
             No 
          </dd>
        </div>
      </dl>
    </cca-summary>
  </div>
</cca-una-submitted-target-period-5>
`;
