// Jest Snapshot v1, https://jestjs.io/docs/snapshot-testing

exports[`Review Target Unit Details CheckYourAnswers should render the summary sections and rows 1`] = `
<cca-check-your-answers
  activatedRoute={[Function ActivatedRouteStub]}
  attachments={[Function Object]}
  downloadUrl={[Function String]}
  requestTaskStore={[Function _RequestTaskStore]}
  router={[Function _Router]}
  store={[Function _RequestTaskStore]}
  summaryData={[Function Array]}
  tasksApiService={[Function TasksApiService]}
>
  <div>
    <netz-page-heading
      caption="Target unit details"
    >
      <span
        class="govuk-caption-l"
      >
        Target unit details
      </span>
      <h1
        class="govuk-heading-l"
      >
        Check your answers
      </h1>
    </netz-page-heading>
    <cca-summary>
      <h2
        class="govuk-heading-m"
      >
        Target unit details
      </h2>
      <dl
        class="govuk-summary-list govuk-!-margin-bottom-9"
        govuk-summary-list=""
      >
        <div
          class="govuk-summary-list__row"
          govuksummarylistrow=""
        >
          <dt
            class="govuk-summary-list__key"
            govuksummarylistrowkey=""
          >
            Operator name
          </dt>
          <dd
            class="govuk-summary-list__value"
            govuksummarylistrowvalue=""
          >
            <span>
              Flying Company 3
            </span>
          </dd>
          <dd
            class="govuk-summary-list__actions"
            govuksummarylistrowactions=""
          >
            <a
              class="govuk-link"
              href="/?change=true"
            >
              Change
            </a>
          </dd>
        </div>
        <div
          class="govuk-summary-list__row"
          govuksummarylistrow=""
        >
          <dt
            class="govuk-summary-list__key"
            govuksummarylistrowkey=""
          >
            Operator type
          </dt>
          <dd
            class="govuk-summary-list__value"
            govuksummarylistrowvalue=""
          >
            <span>
              Limited company
            </span>
          </dd>
          <dd
            class="govuk-summary-list__actions"
            govuksummarylistrowactions=""
          >
            <a
              class="govuk-link"
              href="/?change=true"
            >
              Change
            </a>
          </dd>
        </div>
        <div
          class="govuk-summary-list__row"
          govuksummarylistrow=""
        >
          <dt
            class="govuk-summary-list__key"
            govuksummarylistrowkey=""
          >
            Company number
          </dt>
          <dd
            class="govuk-summary-list__value"
            govuksummarylistrowvalue=""
          >
            <span>
              AB123456
            </span>
          </dd>
          <dd
            class="govuk-summary-list__actions"
            govuksummarylistrowactions=""
          >
            <a
              class="govuk-link"
              href="/?change=true"
            >
              Change
            </a>
          </dd>
        </div>
        <div
          class="govuk-summary-list__row"
          govuksummarylistrow=""
        >
          <dt
            class="govuk-summary-list__key"
            govuksummarylistrowkey=""
          >
            Reason for not having a registration number
          </dt>
          <dd
            class="govuk-summary-list__value"
            govuksummarylistrowvalue=""
          >
            <span>
            </span>
          </dd>
          <dd
            class="govuk-summary-list__actions"
            govuksummarylistrowactions=""
          >
            <a
              class="govuk-link"
              href="/?change=true"
            >
              Change
            </a>
          </dd>
        </div>
        <div
          class="govuk-summary-list__row"
          govuksummarylistrow=""
        >
          <dt
            class="govuk-summary-list__key"
            govuksummarylistrowkey=""
          >
            Subsector
          </dt>
          <dd
            class="govuk-summary-list__value"
            govuksummarylistrowvalue=""
          >
            <span>
              SUBSECTOR_1
            </span>
          </dd>
          <dd
            class="govuk-summary-list__actions"
            govuksummarylistrowactions=""
          >
            <a
              class="govuk-link"
              href="/?change=true"
            >
              Change
            </a>
          </dd>
        </div>
      </dl>
      <h2
        class="govuk-heading-m"
      >
        Operator address
      </h2>
      <dl
        class="govuk-summary-list govuk-!-margin-bottom-9"
        govuk-summary-list=""
      >
        <div
          class="govuk-summary-list__row"
          govuksummarylistrow=""
        >
          <dt
            class="govuk-summary-list__key"
            govuksummarylistrowkey=""
          >
            Address
          </dt>
          <dd
            class="govuk-summary-list__value"
            govuksummarylistrowvalue=""
          >
            <span>
              Address
            </span>
            <br />
            <span>
              Apartment 1
            </span>
            <br />
            <span>
              Addres1
            </span>
            <br />
            <span>
              94043
            </span>
            <br />
            <span>
              GB
            </span>
          </dd>
          <dd
            class="govuk-summary-list__actions"
            govuksummarylistrowactions=""
          >
            <a
              class="govuk-link"
              href="/?change=true"
            >
              Change
            </a>
          </dd>
        </div>
      </dl>
      <h2
        class="govuk-heading-m"
      >
        Responsible Person
      </h2>
      <dl
        class="govuk-summary-list govuk-!-margin-bottom-9"
        govuk-summary-list=""
      >
        <div
          class="govuk-summary-list__row"
          govuksummarylistrow=""
        >
          <dt
            class="govuk-summary-list__key"
            govuksummarylistrowkey=""
          >
            First name
          </dt>
          <dd
            class="govuk-summary-list__value"
            govuksummarylistrowvalue=""
          >
            <span>
              Operator
            </span>
          </dd>
          <dd
            class="govuk-summary-list__actions"
            govuksummarylistrowactions=""
          >
            <a
              class="govuk-link"
              href="/?change=true"
            >
              Change
            </a>
          </dd>
        </div>
        <div
          class="govuk-summary-list__row"
          govuksummarylistrow=""
        >
          <dt
            class="govuk-summary-list__key"
            govuksummarylistrowkey=""
          >
            Last name
          </dt>
          <dd
            class="govuk-summary-list__value"
            govuksummarylistrowvalue=""
          >
            <span>
              Admin
            </span>
          </dd>
          <dd
            class="govuk-summary-list__actions"
            govuksummarylistrowactions=""
          >
            <a
              class="govuk-link"
              href="/?change=true"
            >
              Change
            </a>
          </dd>
        </div>
        <div
          class="govuk-summary-list__row"
          govuksummarylistrow=""
        >
          <dt
            class="govuk-summary-list__key"
            govuksummarylistrowkey=""
          >
            Email address
          </dt>
          <dd
            class="govuk-summary-list__value"
            govuksummarylistrowvalue=""
          >
            <span>
              responsible_person@cca.uk
            </span>
          </dd>
          <dd
            class="govuk-summary-list__actions"
            govuksummarylistrowactions=""
          >
            <a
              class="govuk-link"
              href="/?change=true"
            >
              Change
            </a>
          </dd>
        </div>
        <div
          class="govuk-summary-list__row"
          govuksummarylistrow=""
        >
          <dt
            class="govuk-summary-list__key"
            govuksummarylistrowkey=""
          >
            Address
          </dt>
          <dd
            class="govuk-summary-list__value"
            govuksummarylistrowvalue=""
          >
            <span>
              Address
            </span>
            <br />
            <span>
              Apartment 1
            </span>
            <br />
            <span>
              Addres1
            </span>
            <br />
            <span>
              94043
            </span>
            <br />
            <span>
              GB
            </span>
          </dd>
          <dd
            class="govuk-summary-list__actions"
            govuksummarylistrowactions=""
          >
            <a
              class="govuk-link"
              href="/?change=true"
            >
              Change
            </a>
          </dd>
        </div>
      </dl>
      <h2
        class="govuk-heading-m"
      >
        Decision Summary
      </h2>
      <dl
        class="govuk-summary-list govuk-!-margin-bottom-9"
        govuk-summary-list=""
      >
        <div
          class="govuk-summary-list__row"
          govuksummarylistrow=""
        >
          <dt
            class="govuk-summary-list__key"
            govuksummarylistrowkey=""
          >
            Decision status
          </dt>
          <dd
            class="govuk-summary-list__value"
            govuksummarylistrowvalue=""
          >
            <span>
              Accepted
            </span>
          </dd>
          <dd
            class="govuk-summary-list__actions"
            govuksummarylistrowactions=""
          >
            <a
              class="govuk-link"
              href="/?change=true"
            >
              Change
            </a>
          </dd>
        </div>
        <div
          class="govuk-summary-list__row"
          govuksummarylistrow=""
        >
          <dt
            class="govuk-summary-list__key"
            govuksummarylistrowkey=""
          >
            Notes
          </dt>
          <dd
            class="govuk-summary-list__value"
            govuksummarylistrowvalue=""
          >
            <span>
              asd
            </span>
          </dd>
          <dd
            class="govuk-summary-list__actions"
            govuksummarylistrowactions=""
          >
            <a
              class="govuk-link"
              href="/?change=true"
            >
              Change
            </a>
          </dd>
        </div>
        <div
          class="govuk-summary-list__row"
          govuksummarylistrow=""
        >
          <dt
            class="govuk-summary-list__key"
            govuksummarylistrowkey=""
          >
            Uploaded files
          </dt>
          <dd
            class="govuk-summary-list__value"
            govuksummarylistrowvalue=""
          >
            <span>
              No files provided
            </span>
          </dd>
          <dd
            class="govuk-summary-list__actions"
            govuksummarylistrowactions=""
          >
            <a
              class="govuk-link"
              href="/?change=true"
            >
              Change
            </a>
          </dd>
        </div>
      </dl>
    </cca-summary>
    <button
      class="govuk-button"
      govukbutton=""
      netzpendingbutton=""
      type="button"
    >
      Confirm and complete
    </button>
  </div><hr
    class="govuk-footer__section-break govuk-!-margin-bottom-3"
  /><netz-return-to-task-or-action-page>
    <a
      class="govuk-link"
      href="/undefined"
    >
       Return to: Review application for underlying agreement 
    </a>
  </netz-return-to-task-or-action-page>
</cca-check-your-answers>
`;
