// Jest Snapshot v1, https://jestjs.io/docs/snapshot-testing

exports[`ReviewTargetUnitDetailsCheckYourAnswersComponent should render the summary sections and rows 1`] = `
<cca-check-your-answers
  accountReferenceData={[Function Object]}
  activatedRoute={[Function ActivatedRouteStub]}
  areIdentical="false"
  attachments={[Function Object]}
  currentTargetUnitDetails={[Function Object]}
  decision={[Function Object]}
  downloadUrl={[Function String]}
  isEditable={[Function Boolean]}
  originalTargetUnitDetails={[Function Object]}
  router={[Function _Router]}
  store={[Function _RequestTaskStore]}
  summaryDataCurrent={[Function Array]}
  summaryDataOriginal={[Function Array]}
  tasksApiService={[Function Object]}
>
  <div>
    <netz-page-heading
      caption="Target unit details"
    >
      <span
        class="govuk-caption-l"
      >
        Target unit details
      </span>
      <h1
        class="govuk-heading-l"
      >
        Check your answers
      </h1>
    </netz-page-heading>
    <cca-highlight-diff>
      <div
        class="govuk-!-display-none"
      >
        <cca-summary>
          <h2
            class="govuk-heading-m"
          >
            Target unit details
          </h2>
          <dl
            class="govuk-summary-list govuk-!-margin-bottom-9"
            govuk-summary-list=""
          >
            <div
              class="govuk-summary-list__row"
              govuksummarylistrow=""
            >
              <dt
                class="govuk-summary-list__key"
                govuksummarylistrowkey=""
              >
                Operator name
              </dt>
              <dd
                class="govuk-summary-list__value"
                govuksummarylistrowvalue=""
              >
                <span>
                  operator name
                </span>
              </dd>
              <dd
                class="govuk-summary-list__actions"
                govuksummarylistrowactions=""
              >
                <a
                  class="govuk-link"
                  href="/?change=true"
                >
                  Change
                </a>
              </dd>
            </div>
            <div
              class="govuk-summary-list__row"
              govuksummarylistrow=""
            >
              <dt
                class="govuk-summary-list__key"
                govuksummarylistrowkey=""
              >
                Operator type
              </dt>
              <dd
                class="govuk-summary-list__value"
                govuksummarylistrowvalue=""
              >
                <span>
                  Limited company
                </span>
              </dd>
              <dd
                class="govuk-summary-list__actions"
                govuksummarylistrowactions=""
              >
                <a
                  class="govuk-link"
                  href="/?change=true"
                >
                  Change
                </a>
              </dd>
            </div>
            <div
              class="govuk-summary-list__row"
              govuksummarylistrow=""
            >
              <dt
                class="govuk-summary-list__key"
                govuksummarylistrowkey=""
              >
                Company number
              </dt>
              <dd
                class="govuk-summary-list__value"
                govuksummarylistrowvalue=""
              >
                <span>
                  11111111
                </span>
              </dd>
              <dd
                class="govuk-summary-list__actions"
                govuksummarylistrowactions=""
              >
                <a
                  class="govuk-link"
                  href="/?change=true"
                >
                  Change
                </a>
              </dd>
            </div>
            <div
              class="govuk-summary-list__row"
              govuksummarylistrow=""
            >
              <dt
                class="govuk-summary-list__key"
                govuksummarylistrowkey=""
              >
                Reason for not having a registration number
              </dt>
              <dd
                class="govuk-summary-list__value"
                govuksummarylistrowvalue=""
              >
                <span>
                </span>
              </dd>
              <dd
                class="govuk-summary-list__actions"
                govuksummarylistrowactions=""
              >
                <a
                  class="govuk-link"
                  href="/?change=true"
                >
                  Change
                </a>
              </dd>
            </div>
          </dl>
          <h2
            class="govuk-heading-m"
          >
            Operator address
          </h2>
          <dl
            class="govuk-summary-list govuk-!-margin-bottom-9"
            govuk-summary-list=""
          >
            <div
              class="govuk-summary-list__row"
              govuksummarylistrow=""
            >
              <dt
                class="govuk-summary-list__key"
                govuksummarylistrowkey=""
              >
                Address
              </dt>
              <dd
                class="govuk-summary-list__value"
                govuksummarylistrowvalue=""
              >
                <span>
                  una operator addr line 1
                </span>
                <br />
                <span>
                  una operator addr city
                </span>
                <br />
                <span>
                  una operator addr postcode
                </span>
                <br />
                <span>
                  una operator addr country
                </span>
              </dd>
              <dd
                class="govuk-summary-list__actions"
                govuksummarylistrowactions=""
              >
                <a
                  class="govuk-link"
                  href="/?change=true"
                >
                  Change
                </a>
              </dd>
            </div>
          </dl>
          <h2
            class="govuk-heading-m"
          >
            Responsible Person
          </h2>
          <dl
            class="govuk-summary-list govuk-!-margin-bottom-9"
            govuk-summary-list=""
          >
            <div
              class="govuk-summary-list__row"
              govuksummarylistrow=""
            >
              <dt
                class="govuk-summary-list__key"
                govuksummarylistrowkey=""
              >
                First name
              </dt>
              <dd
                class="govuk-summary-list__value"
                govuksummarylistrowvalue=""
              >
                <span>
                  test 1
                </span>
              </dd>
              <dd
                class="govuk-summary-list__actions"
                govuksummarylistrowactions=""
              >
                <a
                  class="govuk-link"
                  href="/?change=true"
                >
                  Change
                </a>
              </dd>
            </div>
            <div
              class="govuk-summary-list__row"
              govuksummarylistrow=""
            >
              <dt
                class="govuk-summary-list__key"
                govuksummarylistrowkey=""
              >
                Last name
              </dt>
              <dd
                class="govuk-summary-list__value"
                govuksummarylistrowvalue=""
              >
                <span>
                  test 2
                </span>
              </dd>
              <dd
                class="govuk-summary-list__actions"
                govuksummarylistrowactions=""
              >
                <a
                  class="govuk-link"
                  href="/?change=true"
                >
                  Change
                </a>
              </dd>
            </div>
            <div
              class="govuk-summary-list__row"
              govuksummarylistrow=""
            >
              <dt
                class="govuk-summary-list__key"
                govuksummarylistrowkey=""
              >
                Email address
              </dt>
              <dd
                class="govuk-summary-list__value"
                govuksummarylistrowvalue=""
              >
                <span>
                  test@test.com
                </span>
              </dd>
              <dd
                class="govuk-summary-list__actions"
                govuksummarylistrowactions=""
              >
                <a
                  class="govuk-link"
                  href="/?change=true"
                >
                  Change
                </a>
              </dd>
            </div>
            <div
              class="govuk-summary-list__row"
              govuksummarylistrow=""
            >
              <dt
                class="govuk-summary-list__key"
                govuksummarylistrowkey=""
              >
                Address
              </dt>
              <dd
                class="govuk-summary-list__value"
                govuksummarylistrowvalue=""
              >
                <span>
                  una resp addr line 1
                </span>
                <br />
                <span>
                  una resp addr line 2
                </span>
                <br />
                <span>
                  una resp addr line city
                </span>
                <br />
                <span>
                  una resp addr county
                </span>
                <br />
                <span>
                  una resp addr line postcode
                </span>
                <br />
                <span>
                  una resp addr country
                </span>
              </dd>
              <dd
                class="govuk-summary-list__actions"
                govuksummarylistrowactions=""
              >
                <a
                  class="govuk-link"
                  href="/?change=true"
                >
                  Change
                </a>
              </dd>
            </div>
          </dl>
          <h2
            class="govuk-heading-m"
          >
            Decision Summary
          </h2>
          <dl
            class="govuk-summary-list govuk-!-margin-bottom-9"
            govuk-summary-list=""
          >
            <div
              class="govuk-summary-list__row"
              govuksummarylistrow=""
            >
              <dt
                class="govuk-summary-list__key"
                govuksummarylistrowkey=""
              >
                Decision status
              </dt>
              <dd
                class="govuk-summary-list__value"
                govuksummarylistrowvalue=""
              >
                <span>
                  Accepted
                </span>
              </dd>
              <dd
                class="govuk-summary-list__actions"
                govuksummarylistrowactions=""
              >
                <a
                  class="govuk-link"
                  href="/?change=true"
                >
                  Change
                </a>
              </dd>
            </div>
            <div
              class="govuk-summary-list__row"
              govuksummarylistrow=""
            >
              <dt
                class="govuk-summary-list__key"
                govuksummarylistrowkey=""
              >
                Notes
              </dt>
              <dd
                class="govuk-summary-list__value"
                govuksummarylistrowvalue=""
              >
                <span>
                  Target unit notes
                </span>
              </dd>
              <dd
                class="govuk-summary-list__actions"
                govuksummarylistrowactions=""
              >
                <a
                  class="govuk-link"
                  href="/?change=true"
                >
                  Change
                </a>
              </dd>
            </div>
            <div
              class="govuk-summary-list__row"
              govuksummarylistrow=""
            >
              <dt
                class="govuk-summary-list__key"
                govuksummarylistrowkey=""
              >
                Uploaded files
              </dt>
              <dd
                class="govuk-summary-list__value"
                govuksummarylistrowvalue=""
              >
                <span>
                  No files provided
                </span>
              </dd>
              <dd
                class="govuk-summary-list__actions"
                govuksummarylistrowactions=""
              >
                <a
                  class="govuk-link"
                  href="/?change=true"
                >
                  Change
                </a>
              </dd>
            </div>
          </dl>
        </cca-summary>
      </div>
      <div
        class="govuk-!-display-none"
      >
        <cca-summary>
          <h2
            class="govuk-heading-m"
          >
            Target unit details
          </h2>
          <dl
            class="govuk-summary-list govuk-!-margin-bottom-9"
            govuk-summary-list=""
          >
            <div
              class="govuk-summary-list__row"
              govuksummarylistrow=""
            >
              <dt
                class="govuk-summary-list__key"
                govuksummarylistrowkey=""
              >
                Operator name
              </dt>
              <dd
                class="govuk-summary-list__value"
                govuksummarylistrowvalue=""
              >
                <span>
                  test
                </span>
              </dd>
              <dd
                class="govuk-summary-list__actions"
                govuksummarylistrowactions=""
              >
                <a
                  class="govuk-link"
                  href="/?change=true"
                >
                  Change
                </a>
              </dd>
            </div>
            <div
              class="govuk-summary-list__row"
              govuksummarylistrow=""
            >
              <dt
                class="govuk-summary-list__key"
                govuksummarylistrowkey=""
              >
                Operator type
              </dt>
              <dd
                class="govuk-summary-list__value"
                govuksummarylistrowvalue=""
              >
                <span>
                  Limited company
                </span>
              </dd>
              <dd
                class="govuk-summary-list__actions"
                govuksummarylistrowactions=""
              >
                <a
                  class="govuk-link"
                  href="/?change=true"
                >
                  Change
                </a>
              </dd>
            </div>
            <div
              class="govuk-summary-list__row"
              govuksummarylistrow=""
            >
              <dt
                class="govuk-summary-list__key"
                govuksummarylistrowkey=""
              >
                Company number
              </dt>
              <dd
                class="govuk-summary-list__value"
                govuksummarylistrowvalue=""
              >
                <span>
                  testtest
                </span>
              </dd>
              <dd
                class="govuk-summary-list__actions"
                govuksummarylistrowactions=""
              >
                <a
                  class="govuk-link"
                  href="/?change=true"
                >
                  Change
                </a>
              </dd>
            </div>
            <div
              class="govuk-summary-list__row"
              govuksummarylistrow=""
            >
              <dt
                class="govuk-summary-list__key"
                govuksummarylistrowkey=""
              >
                Reason for not having a registration number
              </dt>
              <dd
                class="govuk-summary-list__value"
                govuksummarylistrowvalue=""
              >
                <span>
                </span>
              </dd>
              <dd
                class="govuk-summary-list__actions"
                govuksummarylistrowactions=""
              >
                <a
                  class="govuk-link"
                  href="/?change=true"
                >
                  Change
                </a>
              </dd>
            </div>
            <div
              class="govuk-summary-list__row"
              govuksummarylistrow=""
            >
              <dt
                class="govuk-summary-list__key"
                govuksummarylistrowkey=""
              >
                Subsector
              </dt>
              <dd
                class="govuk-summary-list__value"
                govuksummarylistrowvalue=""
              >
                <span>
                  SUBSECTOR_2
                </span>
              </dd>
              <dd
                class="govuk-summary-list__actions"
                govuksummarylistrowactions=""
              >
                <a
                  class="govuk-link"
                  href="/?change=true"
                >
                  Change
                </a>
              </dd>
            </div>
          </dl>
          <h2
            class="govuk-heading-m"
          >
            Operator address
          </h2>
          <dl
            class="govuk-summary-list govuk-!-margin-bottom-9"
            govuk-summary-list=""
          >
            <div
              class="govuk-summary-list__row"
              govuksummarylistrow=""
            >
              <dt
                class="govuk-summary-list__key"
                govuksummarylistrowkey=""
              >
                Address
              </dt>
              <dd
                class="govuk-summary-list__value"
                govuksummarylistrowvalue=""
              >
                <span>
                  accountrefdata operator address line 1
                </span>
                <br />
                <span>
                  accountrefdata operator address line 2
                </span>
                <br />
                <span>
                  accountrefdata operator address city
                </span>
                <br />
                <span>
                  accountrefdata operator address county
                </span>
                <br />
                <span>
                  accountrefdata operator address postcode
                </span>
                <br />
                <span>
                  accountrefdata operator address country
                </span>
              </dd>
              <dd
                class="govuk-summary-list__actions"
                govuksummarylistrowactions=""
              >
                <a
                  class="govuk-link"
                  href="/?change=true"
                >
                  Change
                </a>
              </dd>
            </div>
          </dl>
          <h2
            class="govuk-heading-m"
          >
            Responsible Person
          </h2>
          <dl
            class="govuk-summary-list govuk-!-margin-bottom-9"
            govuk-summary-list=""
          >
            <div
              class="govuk-summary-list__row"
              govuksummarylistrow=""
            >
              <dt
                class="govuk-summary-list__key"
                govuksummarylistrowkey=""
              >
                First name
              </dt>
              <dd
                class="govuk-summary-list__value"
                govuksummarylistrowvalue=""
              >
                <span>
                  resp person firstname
                </span>
              </dd>
              <dd
                class="govuk-summary-list__actions"
                govuksummarylistrowactions=""
              >
                <a
                  class="govuk-link"
                  href="/?change=true"
                >
                  Change
                </a>
              </dd>
            </div>
            <div
              class="govuk-summary-list__row"
              govuksummarylistrow=""
            >
              <dt
                class="govuk-summary-list__key"
                govuksummarylistrowkey=""
              >
                Last name
              </dt>
              <dd
                class="govuk-summary-list__value"
                govuksummarylistrowvalue=""
              >
                <span>
                  resp person lastname
                </span>
              </dd>
              <dd
                class="govuk-summary-list__actions"
                govuksummarylistrowactions=""
              >
                <a
                  class="govuk-link"
                  href="/?change=true"
                >
                  Change
                </a>
              </dd>
            </div>
            <div
              class="govuk-summary-list__row"
              govuksummarylistrow=""
            >
              <dt
                class="govuk-summary-list__key"
                govuksummarylistrowkey=""
              >
                Email address
              </dt>
              <dd
                class="govuk-summary-list__value"
                govuksummarylistrowvalue=""
              >
                <span>
                  test@test.com
                </span>
              </dd>
              <dd
                class="govuk-summary-list__actions"
                govuksummarylistrowactions=""
              >
                <a
                  class="govuk-link"
                  href="/?change=true"
                >
                  Change
                </a>
              </dd>
            </div>
            <div
              class="govuk-summary-list__row"
              govuksummarylistrow=""
            >
              <dt
                class="govuk-summary-list__key"
                govuksummarylistrowkey=""
              >
                Address
              </dt>
              <dd
                class="govuk-summary-list__value"
                govuksummarylistrowvalue=""
              >
                <span>
                  accountrefdata resp pers line 1
                </span>
                <br />
                <span>
                  accountrefdata resp pers line 2
                </span>
                <br />
                <span>
                  accountrefdata resp pers city
                </span>
                <br />
                <span>
                  accountrefdata resp pers county
                </span>
                <br />
                <span>
                  accountrefdata resp postcode
                </span>
                <br />
                <span>
                  accountrefdata resp pers country
                </span>
              </dd>
              <dd
                class="govuk-summary-list__actions"
                govuksummarylistrowactions=""
              >
                <a
                  class="govuk-link"
                  href="/?change=true"
                >
                  Change
                </a>
              </dd>
            </div>
          </dl>
          <h2
            class="govuk-heading-m"
          >
            Decision Summary
          </h2>
          <dl
            class="govuk-summary-list govuk-!-margin-bottom-9"
            govuk-summary-list=""
          >
            <div
              class="govuk-summary-list__row"
              govuksummarylistrow=""
            >
              <dt
                class="govuk-summary-list__key"
                govuksummarylistrowkey=""
              >
                Decision status
              </dt>
              <dd
                class="govuk-summary-list__value"
                govuksummarylistrowvalue=""
              >
                <span>
                  Accepted
                </span>
              </dd>
              <dd
                class="govuk-summary-list__actions"
                govuksummarylistrowactions=""
              >
                <a
                  class="govuk-link"
                  href="/?change=true"
                >
                  Change
                </a>
              </dd>
            </div>
            <div
              class="govuk-summary-list__row"
              govuksummarylistrow=""
            >
              <dt
                class="govuk-summary-list__key"
                govuksummarylistrowkey=""
              >
                Notes
              </dt>
              <dd
                class="govuk-summary-list__value"
                govuksummarylistrowvalue=""
              >
                <span>
                  Target unit notes
                </span>
              </dd>
              <dd
                class="govuk-summary-list__actions"
                govuksummarylistrowactions=""
              >
                <a
                  class="govuk-link"
                  href="/?change=true"
                >
                  Change
                </a>
              </dd>
            </div>
            <div
              class="govuk-summary-list__row"
              govuksummarylistrow=""
            >
              <dt
                class="govuk-summary-list__key"
                govuksummarylistrowkey=""
              >
                Uploaded files
              </dt>
              <dd
                class="govuk-summary-list__value"
                govuksummarylistrowvalue=""
              >
                <span>
                  No files provided
                </span>
              </dd>
              <dd
                class="govuk-summary-list__actions"
                govuksummarylistrowactions=""
              >
                <a
                  class="govuk-link"
                  href="/?change=true"
                >
                  Change
                </a>
              </dd>
            </div>
          </dl>
        </cca-summary>
      </div>
      <div
        class="highlight"
      >
        <h2
          class="govuk-heading-m"
        >
          Target unit details
        </h2>
        <dl
          class="govuk-summary-list govuk-!-margin-bottom-9"
        >
          <div
            class="govuk-summary-list__row"
          >
            <dt
              class="govuk-summary-list__key"
            >
              Operator name
            </dt>
            <dd
              class="govuk-summary-list__value"
            >
              <span>
                <del
                  class="diffmod"
                >
                  test
                </del>
                <ins
                  class="diffmod"
                >
                  operator name
                </ins>
              </span>
            </dd>
            <dd
              class="govuk-summary-list__actions"
            >
              <a
                class="govuk-link"
                href="/?change=true"
              >
                Change
              </a>
            </dd>
          </div>
          <div
            class="govuk-summary-list__row"
          >
            <dt
              class="govuk-summary-list__key"
            >
              Operator type
            </dt>
            <dd
              class="govuk-summary-list__value"
            >
              <span>
                Limited company
              </span>
            </dd>
            <dd
              class="govuk-summary-list__actions"
            >
              <a
                class="govuk-link"
                href="/?change=true"
              >
                Change
              </a>
            </dd>
          </div>
          <div
            class="govuk-summary-list__row"
          >
            <dt
              class="govuk-summary-list__key"
            >
              Company number
            </dt>
            <dd
              class="govuk-summary-list__value"
            >
              <span>
                <del
                  class="diffmod"
                >
                  testtest
                </del>
                <ins
                  class="diffmod"
                >
                  11111111
                </ins>
              </span>
            </dd>
            <dd
              class="govuk-summary-list__actions"
            >
              <a
                class="govuk-link"
                href="/?change=true"
              >
                Change
              </a>
            </dd>
          </div>
          <div
            class="govuk-summary-list__row"
          >
            <dt
              class="govuk-summary-list__key"
            >
              Reason for not having a registration number
            </dt>
            <dd
              class="govuk-summary-list__value"
            >
              <span />
            </dd>
            <dd
              class="govuk-summary-list__actions"
            >
              <a
                class="govuk-link"
                href="/?change=true"
              >
                Change
              </a>
            </dd>
          </div>
          <div
            class="govuk-summary-list__row"
          >
            <dt
              class="govuk-summary-list__key"
            >
              <del
                class="diffdel"
              >
                Subsector
              </del>
            </dt>
            <dd
              class="govuk-summary-list__value"
            >
              <span>
                <del
                  class="diffdel"
                >
                  SUBSECTOR_2
                </del>
              </span>
            </dd>
            <dd
              class="govuk-summary-list__actions"
            >
              <a
                class="govuk-link"
                href="/?change=true"
              >
                <del
                  class="diffdel"
                >
                  Change
                </del>
              </a>
            </dd>
          </div>
        </dl>
        <h2
          class="govuk-heading-m"
        >
          Operator address
        </h2>
        <dl
          class="govuk-summary-list govuk-!-margin-bottom-9"
        >
          <div
            class="govuk-summary-list__row"
          >
            <dt
              class="govuk-summary-list__key"
            >
              Address
            </dt>
            <dd
              class="govuk-summary-list__value"
            >
              <span>
                <del
                  class="diffmod"
                >
                  accountrefdata
                </del>
                <ins
                  class="diffmod"
                >
                  una
                </ins>
                 operator 
                <del
                  class="diffmod"
                >
                  address
                </del>
                <ins
                  class="diffmod"
                >
                  addr
                </ins>
                 line 1
              </span>
              <br />
              <span>
                <del
                  class="diffmod"
                >
                  accountrefdata
                </del>
                <ins
                  class="diffmod"
                >
                  una
                </ins>
                 operator 
                <del
                  class="diffmod"
                >
                  address line 2
                </del>
              </span>
              <br />
              <span>
                <del
                  class="diffmod"
                >
                  accountrefdata operator address
                </del>
                <ins
                  class="diffmod"
                >
                  addr
                </ins>
                 city
              </span>
              <br />
              <span>
                <del
                  class="diffmod"
                >
                  accountrefdata
                </del>
                <ins
                  class="diffmod"
                >
                  una
                </ins>
                 operator 
                <del
                  class="diffmod"
                >
                  address county
                </del>
              </span>
              <br />
              <span>
                <del
                  class="diffmod"
                >
                  accountrefdata operator address
                </del>
                <ins
                  class="diffmod"
                >
                  addr
                </ins>
                 postcode
              </span>
              <br />
              <span>
                <del
                  class="diffmod"
                >
                  accountrefdata
                </del>
                <ins
                  class="diffmod"
                >
                  una
                </ins>
                 operator 
                <del
                  class="diffmod"
                >
                  address
                </del>
                <ins
                  class="diffmod"
                >
                  addr
                </ins>
                 country
              </span>
            </dd>
            <dd
              class="govuk-summary-list__actions"
            >
              <a
                class="govuk-link"
                href="/?change=true"
              >
                Change
              </a>
            </dd>
          </div>
        </dl>
        <h2
          class="govuk-heading-m"
        >
          Responsible Person
        </h2>
        <dl
          class="govuk-summary-list govuk-!-margin-bottom-9"
        >
          <div
            class="govuk-summary-list__row"
          >
            <dt
              class="govuk-summary-list__key"
            >
              First name
            </dt>
            <dd
              class="govuk-summary-list__value"
            >
              <span>
                <del
                  class="diffmod"
                >
                  resp
                </del>
                <ins
                  class="diffmod"
                >
                  test
                </ins>
                <del
                  class="diffmod"
                >
                  person firstname
                </del>
                <ins
                  class="diffmod"
                >
                  1
                </ins>
              </span>
            </dd>
            <dd
              class="govuk-summary-list__actions"
            >
              <a
                class="govuk-link"
                href="/?change=true"
              >
                Change
              </a>
            </dd>
          </div>
          <div
            class="govuk-summary-list__row"
          >
            <dt
              class="govuk-summary-list__key"
            >
              Last name
            </dt>
            <dd
              class="govuk-summary-list__value"
            >
              <span>
                <del
                  class="diffmod"
                >
                  resp
                </del>
                <ins
                  class="diffmod"
                >
                  test
                </ins>
                <del
                  class="diffmod"
                >
                  person lastname
                </del>
                <ins
                  class="diffmod"
                >
                  2
                </ins>
              </span>
            </dd>
            <dd
              class="govuk-summary-list__actions"
            >
              <a
                class="govuk-link"
                href="/?change=true"
              >
                Change
              </a>
            </dd>
          </div>
          <div
            class="govuk-summary-list__row"
          >
            <dt
              class="govuk-summary-list__key"
            >
              Email address
            </dt>
            <dd
              class="govuk-summary-list__value"
            >
              <span>
                test@test.com
              </span>
            </dd>
            <dd
              class="govuk-summary-list__actions"
            >
              <a
                class="govuk-link"
                href="/?change=true"
              >
                Change
              </a>
            </dd>
          </div>
          <div
            class="govuk-summary-list__row"
          >
            <dt
              class="govuk-summary-list__key"
            >
              Address
            </dt>
            <dd
              class="govuk-summary-list__value"
            >
              <span>
                <del
                  class="diffmod"
                >
                  accountrefdata
                </del>
                <ins
                  class="diffmod"
                >
                  una
                </ins>
                 resp 
                <del
                  class="diffmod"
                >
                  pers
                </del>
                <ins
                  class="diffmod"
                >
                  addr
                </ins>
                 line 1
              </span>
              <br />
              <span>
                <del
                  class="diffmod"
                >
                  accountrefdata
                </del>
                <ins
                  class="diffmod"
                >
                  una
                </ins>
                 resp 
                <del
                  class="diffmod"
                >
                  pers
                </del>
                <ins
                  class="diffmod"
                >
                  addr
                </ins>
                 line 2
              </span>
              <br />
              <span>
                <del
                  class="diffmod"
                >
                  accountrefdata
                </del>
                <ins
                  class="diffmod"
                >
                  una
                </ins>
                 resp 
                <del
                  class="diffmod"
                >
                  pers
                </del>
                <ins
                  class="diffmod"
                >
                  addr line
                </ins>
                 city
              </span>
              <br />
              <span>
                <del
                  class="diffmod"
                >
                  accountrefdata
                </del>
                <ins
                  class="diffmod"
                >
                  una
                </ins>
                 resp 
                <del
                  class="diffmod"
                >
                  pers
                </del>
                <ins
                  class="diffmod"
                >
                  addr
                </ins>
                 county
              </span>
              <br />
              <span>
                <del
                  class="diffmod"
                >
                  accountrefdata
                </del>
                <ins
                  class="diffmod"
                >
                  una
                </ins>
                 resp
                <ins
                  class="diffins"
                >
                   addr line
                </ins>
                 postcode
              </span>
              <br />
              <span>
                <del
                  class="diffmod"
                >
                  accountrefdata
                </del>
                <ins
                  class="diffmod"
                >
                  una
                </ins>
                 resp 
                <del
                  class="diffmod"
                >
                  pers
                </del>
                <ins
                  class="diffmod"
                >
                  addr
                </ins>
                 country
              </span>
            </dd>
            <dd
              class="govuk-summary-list__actions"
            >
              <a
                class="govuk-link"
                href="/?change=true"
              >
                Change
              </a>
            </dd>
          </div>
        </dl>
        <h2
          class="govuk-heading-m"
        >
          Decision Summary
        </h2>
        <dl
          class="govuk-summary-list govuk-!-margin-bottom-9"
        >
          <div
            class="govuk-summary-list__row"
          >
            <dt
              class="govuk-summary-list__key"
            >
              Decision status
            </dt>
            <dd
              class="govuk-summary-list__value"
            >
              <span>
                Accepted
              </span>
            </dd>
            <dd
              class="govuk-summary-list__actions"
            >
              <a
                class="govuk-link"
                href="/?change=true"
              >
                Change
              </a>
            </dd>
          </div>
          <div
            class="govuk-summary-list__row"
          >
            <dt
              class="govuk-summary-list__key"
            >
              Notes
            </dt>
            <dd
              class="govuk-summary-list__value"
            >
              <span>
                Target unit notes
              </span>
            </dd>
            <dd
              class="govuk-summary-list__actions"
            >
              <a
                class="govuk-link"
                href="/?change=true"
              >
                Change
              </a>
            </dd>
          </div>
          <div
            class="govuk-summary-list__row"
          >
            <dt
              class="govuk-summary-list__key"
            >
              Uploaded files
            </dt>
            <dd
              class="govuk-summary-list__value"
            >
              <span>
                No files provided
              </span>
            </dd>
            <dd
              class="govuk-summary-list__actions"
            >
              <a
                class="govuk-link"
                href="/?change=true"
              >
                Change
              </a>
            </dd>
          </div>
        </dl>
      </div>
    </cca-highlight-diff>
    <button
      class="govuk-button"
      govukbutton=""
      netzpendingbutton=""
      type="button"
    >
      Confirm and complete
    </button>
  </div><hr
    class="govuk-footer__section-break govuk-!-margin-bottom-3"
  /><netz-return-to-task-or-action-page>
    <a
      class="govuk-link"
      href="/undefined"
    >
       Return to: Review underlying agreement variation 
    </a>
  </netz-return-to-task-or-action-page>
</cca-check-your-answers>
`;
