// Jest Snapshot v1, https://goo.gl/fbAQLP

exports[`ReportSubmittedComponent should show summary values 1`] = `
<cca-report-submitted
  patReportStore={[Function PatReportStore]}
  summaryData={[Function Array]}
  targetPeriodName={[Function String]}
>
  <h1
    class="govuk-heading-l"
  >
    TP6 (2024)
  </h1><cca-summary>
    <dl
      class="govuk-summary-list govuk-!-margin-bottom-9"
      govuk-summary-list=""
    >
      <div
        class="govuk-summary-list__row"
        govuksummarylistrow=""
      >
        <dt
          class="govuk-summary-list__key"
          govuksummarylistrowkey=""
        >
          Uploaded file
        </dt>
        <dd
          class="govuk-summary-list__value"
          govuksummarylistrowvalue=""
        >
          <cca-summary-download-files>
            <a
              class="govuk-link"
              href="/"
              target="_blank"
            >
              ADS_1-T00001_PAT_TP6.xlsx
            </a>
          </cca-summary-download-files>
        </dd>
      </div>
      <div
        class="govuk-summary-list__row"
        govuksummarylistrow=""
      >
        <dt
          class="govuk-summary-list__key"
          govuksummarylistrowkey=""
        >
          Target type
        </dt>
        <dd
          class="govuk-summary-list__value"
          govuksummarylistrowvalue=""
        >
           Novem Carbon 
        </dd>
      </div>
      <div
        class="govuk-summary-list__row"
        govuksummarylistrow=""
      >
        <dt
          class="govuk-summary-list__key"
          govuksummarylistrowkey=""
        >
          TP6 Target %
        </dt>
        <dd
          class="govuk-summary-list__value"
          govuksummarylistrowvalue=""
        >
        </dd>
      </div>
      <div
        class="govuk-summary-list__row"
        govuksummarylistrow=""
      >
        <dt
          class="govuk-summary-list__key"
          govuksummarylistrowkey=""
        >
          TP6 Improvement Achieved %
        </dt>
        <dd
          class="govuk-summary-list__value"
          govuksummarylistrowvalue=""
        >
           -199.000% 
        </dd>
      </div>
      <div
        class="govuk-summary-list__row"
        govuksummarylistrow=""
      >
        <dt
          class="govuk-summary-list__key"
          govuksummarylistrowkey=""
        >
          TP6 Improvement Accounted For %
        </dt>
        <dd
          class="govuk-summary-list__value"
          govuksummarylistrowvalue=""
        >
           -2.150% 
        </dd>
      </div>
      <div
        class="govuk-summary-list__row"
        govuksummarylistrow=""
      >
        <dt
          class="govuk-summary-list__key"
          govuksummarylistrowkey=""
        >
          Was this period's performance impacted by any   implemented measures?
        </dt>
        <dd
          class="govuk-summary-list__value"
          govuksummarylistrowvalue=""
        >
           Yes 
        </dd>
      </div>
      <div
        class="govuk-summary-list__row"
        govuksummarylistrow=""
      >
        <dt
          class="govuk-summary-list__key"
          govuksummarylistrowkey=""
        >
          Supporting text for no impact 
        </dt>
        <dd
          class="govuk-summary-list__value"
          govuksummarylistrowvalue=""
        >
        </dd>
      </div>
    </dl>
  </cca-summary>
</cca-report-submitted>
`;
