// Jest Snapshot v1, https://jestjs.io/docs/snapshot-testing

exports[`UnderlyingAgreementVariationActivatedComponent should match snapshot 1`] = `
<cca-underlying-agreement-variation-activated
  activatedPayload={[Function Function]}
  requestActionStore={[Function _RequestActionStore]}
  summaryData={[Function Function]}
>
  <cca-summary>
    <h2
      class="govuk-heading-m"
    >
      Details
    </h2>
    <dl
      class="govuk-summary-list govuk-!-margin-bottom-9"
      govuk-summary-list=""
    >
      <div
        class="govuk-summary-list__row"
        govuksummarylistrow=""
      >
        <dt
          class="govuk-summary-list__key"
          govuksummarylistrowkey=""
        >
          Uploaded files
        </dt>
        <dd
          class="govuk-summary-list__value"
          govuksummarylistrowvalue=""
        >
          <span>
            No files provided
          </span>
        </dd>
      </div>
      <div
        class="govuk-summary-list__row"
        govuksummarylistrow=""
      >
        <dt
          class="govuk-summary-list__key"
          govuksummarylistrowkey=""
        >
          Comments
        </dt>
        <dd
          class="govuk-summary-list__value"
          govuksummarylistrowvalue=""
        >
          <span>
            comments
          </span>
        </dd>
      </div>
    </dl>
    <h2
      class="govuk-heading-m"
    >
      Recipients
    </h2>
    <dl
      class="govuk-summary-list govuk-!-margin-bottom-9"
      govuk-summary-list=""
    >
      <div
        class="govuk-summary-list__row"
        govuksummarylistrow=""
      >
        <dt
          class="govuk-summary-list__key"
          govuksummarylistrowkey=""
        >
          Users
        </dt>
        <dd
          class="govuk-summary-list__value"
          govuksummarylistrowvalue=""
        >
          <span>
            Res name, Responsible person, res@test.com
          </span>
          <br />
          <span>
            Fred_2 William_2, Sector contact, fredwilliam_2@agindustries.org.uk
          </span>
          <br />
          <span>
            Admin name, Administrative contact, admin@test.com
          </span>
        </dd>
      </div>
      <div
        class="govuk-summary-list__row"
        govuksummarylistrow=""
      >
        <dt
          class="govuk-summary-list__key"
          govuksummarylistrowkey=""
        >
          Name and signature on the official notice
        </dt>
        <dd
          class="govuk-summary-list__value"
          govuksummarylistrowvalue=""
        >
          <span>
            Regulator name
          </span>
        </dd>
      </div>
      <div
        class="govuk-summary-list__row"
        govuksummarylistrow=""
      >
        <dt
          class="govuk-summary-list__key"
          govuksummarylistrowkey=""
        >
          Official notices
        </dt>
        <dd
          class="govuk-summary-list__value"
          govuksummarylistrowvalue=""
        >
          <cca-summary-download-files>
            <a
              class="govuk-link"
              href="/"
              target="_blank"
            >
              Activated underlying agreement cover letter.pdf
            </a>
            <br />
            <a
              class="govuk-link"
              href="/"
              target="_blank"
            >
              Underlying Agreement v3.pdf
            </a>
          </cca-summary-download-files>
        </dd>
      </div>
    </dl>
  </cca-summary>
</cca-underlying-agreement-variation-activated>
`;
