// Jest Snapshot v1, https://jestjs.io/docs/snapshot-testing

exports[`TargetUnitComponent should display correct view 1`] = `
<cca-target-unit
  accountDetails={[Function Object]}
  accountStatusIsNewOrLive={[Function Boolean]}
  accountStatusIsTerminated="false"
  activeTargetUnitStore={[Function ActiveTargetUnitStore]}
  authStore={[Function _AuthStore]}
  isEditable="false"
  isEditableData={[Function Object]}
  isFinancialIndependenceEditable="false"
  roleType={[Function Function]}
  userHasSectorOrRegulatorRole="false"
  userIsRegulator="false"
>
  <div
    class="govuk-grid-row"
  >
    <div
      class="govuk-grid-column-three-quarters"
    >
      <netz-page-heading
        class="govuk-tag-heading-align"
        size="l"
      >
        <span
          class="govuk-caption-l"
        >
          AIC-T00001
        </span>
        <h1
          class="govuk-heading-l"
        >
           Target unit name 01 
          <span>
            <govuk-tag>
              <strong
                class="govuk-tag govuk-tag--green"
              >
                 Live 
              </strong>
            </govuk-tag>
          </span>
        </h1>
      </netz-page-heading>
    </div>
    <div
      class="govuk-grid-column-one-quarter"
      style="text-align: end;"
    >
      <button
        class="govuk-!-margin-top-3 govuk-button"
        govukbutton=""
        routerlink="./process-actions"
        tabindex="0"
        type="button"
      >
         Start a new task 
      </button>
    </div>
  </div><section
    data-testid="target-unit"
  >
    <govuk-tabs
      queryparamshandling="replace"
    >
      <div
        class="govuk-tabs"
      >
        <h2
          class="govuk-tabs__title"
        >
        </h2>
        <ul
          class="govuk-tabs__list"
          role="tablist"
        >
          <li
            class="govuk-tabs__list-item govuk-tabs__list-item--selected"
            role="presentation"
          >
            <a
              aria-controls="details"
              aria-selected="true"
              class="govuk-tabs__tab"
              href="/#details"
              id="tab_details"
              role="tab"
              tabindex="0"
            >
               Details 
            </a>
          </li>
          <li
            class="govuk-tabs__list-item"
            role="presentation"
          >
            <a
              aria-controls="facilities"
              aria-selected="false"
              class="govuk-tabs__tab"
              href="/#facilities"
              id="tab_facilities"
              role="tab"
              tabindex="-1"
            >
               Facilities 
            </a>
          </li>
          <li
            class="govuk-tabs__list-item"
            role="presentation"
          >
            <a
              aria-controls="workflow-history"
              aria-selected="false"
              class="govuk-tabs__tab"
              href="/#workflow-history"
              id="tab_workflow-history"
              role="tab"
              tabindex="-1"
            >
               Workflow history 
            </a>
          </li>
          <li
            class="govuk-tabs__list-item"
            role="presentation"
          >
            <a
              aria-controls="reports"
              aria-selected="false"
              class="govuk-tabs__tab"
              href="/#reports"
              id="tab_reports"
              role="tab"
              tabindex="-1"
            >
               Reports 
            </a>
          </li>
          <li
            class="govuk-tabs__list-item"
            role="presentation"
          >
            <a
              aria-controls="users-and-contacts"
              aria-selected="false"
              class="govuk-tabs__tab"
              href="/#users-and-contacts"
              id="tab_users-and-contacts"
              role="tab"
              tabindex="-1"
            >
               Users and contacts 
            </a>
          </li>
          <li
            class="govuk-tabs__list-item"
            role="presentation"
          >
            <a
              aria-controls="buyout-surplus"
              aria-selected="false"
              class="govuk-tabs__tab"
              href="/#buyout-surplus"
              id="tab_buyout-surplus"
              role="tab"
              tabindex="-1"
            >
               Buy-out and surplus 
            </a>
          </li>
        </ul>
        <div
          aria-labelledby="tab_details"
          class="govuk-tabs__panel"
          id="details"
          role="tabpanel"
        >
          <cca-details-summary>
            <div
              class="govuk-grid-row"
            >
              <div
                class="govuk-grid-column-two-thirds"
              >
                <h3
                  class="govuk-heading-m"
                >
                  Details
                </h3>
              </div>
              <div
                class="govuk-grid-column-one-third"
              >
                <div
                  class="govuk-form-group"
                >
                  <fieldset
                    class="govuk-fieldset"
                  >
                    <div
                      class="govuk-checkboxes govuk-checkboxes--small"
                      data-module="govuk-checkboxes"
                    >
                      <div
                        class="govuk-checkboxes__item"
                      >
                        <input
                          class="govuk-checkboxes__input ng-untouched ng-pristine ng-valid"
                          id="toggleCompaniesHouseDetails"
                          name="toggleCompaniesHouseDetails"
                          type="checkbox"
                          value="false"
                        />
                        <label
                          class="govuk-label govuk-checkboxes__label"
                          for="toggleCompaniesHouseDetails"
                        >
                           Show Companies House details 
                        </label>
                      </div>
                    </div>
                  </fieldset>
                </div>
              </div>
            </div>
            <cca-scheme-details>
              <cca-agreement-details>
                <div
                  class="govuk-grid-row"
                >
                  <div
                    class="govuk-grid-column-full"
                  >
                    <h2>
                      CCA3 underlying agreement
                    </h2>
                    <dl
                      class="govuk-summary-list govuk-!-margin-bottom-9"
                      data-testid="cca3-underlying agreement"
                      govuk-summary-list=""
                    >
                      <div
                        class="govuk-summary-list__row"
                        govuksummarylistrow=""
                      >
                        <dt
                          class="govuk-summary-list__key"
                          govuksummarylistrowkey=""
                        >
                          Status
                        </dt>
                        <dd
                          class="govuk-summary-list__value"
                          govuksummarylistrowvalue=""
                        >
                          Active
                        </dd>
                        <dd
                          class="govuk-summary-list__actions"
                          govuksummarylistrowactions=""
                        />
                      </div>
                      <div
                        class="govuk-summary-list__row"
                        govuksummarylistrow=""
                      >
                        <dt
                          class="govuk-summary-list__key"
                          govuksummarylistrowkey=""
                        >
                          Downloadable version
                        </dt>
                        <dd
                          class="govuk-summary-list__value"
                          govuksummarylistrowvalue=""
                        >
                          <cca-summary-download-files>
                            <a
                              class="govuk-link"
                              href="/"
                              target="_blank"
                            >
                              ADS_1-T00002 CCA3 Underlying Agreement v1.pdf
                            </a>
                          </cca-summary-download-files>
                        </dd>
                        <dd
                          class="govuk-summary-list__actions"
                          govuksummarylistrowactions=""
                        />
                      </div>
                      <div
                        class="govuk-summary-list__row"
                        govuksummarylistrow=""
                      >
                        <dt
                          class="govuk-summary-list__key"
                          govuksummarylistrowkey=""
                        >
                          Activation date
                        </dt>
                        <dd
                          class="govuk-summary-list__value"
                          govuksummarylistrowvalue=""
                        >
                          <span>
                            30 Sep 2025
                          </span>
                        </dd>
                        <dd
                          class="govuk-summary-list__actions"
                          govuksummarylistrowactions=""
                        />
                      </div>
                    </dl>
                  </div>
                </div>
              </cca-agreement-details>
              <cca-agreement-details>
                <div
                  class="govuk-grid-row"
                >
                  <div
                    class="govuk-grid-column-full"
                  >
                    <h2>
                      CCA2 underlying agreement
                    </h2>
                    <dl
                      class="govuk-summary-list govuk-!-margin-bottom-9"
                      data-testid="cca2-underlying agreement"
                      govuk-summary-list=""
                    >
                      <div
                        class="govuk-summary-list__row"
                        govuksummarylistrow=""
                      >
                        <dt
                          class="govuk-summary-list__key"
                          govuksummarylistrowkey=""
                        >
                          Status
                        </dt>
                        <dd
                          class="govuk-summary-list__value"
                          govuksummarylistrowvalue=""
                        >
                          Active
                        </dd>
                        <dd
                          class="govuk-summary-list__actions"
                          govuksummarylistrowactions=""
                        />
                      </div>
                      <div
                        class="govuk-summary-list__row"
                        govuksummarylistrow=""
                      >
                        <dt
                          class="govuk-summary-list__key"
                          govuksummarylistrowkey=""
                        >
                          Downloadable version
                        </dt>
                        <dd
                          class="govuk-summary-list__value"
                          govuksummarylistrowvalue=""
                        >
                          <cca-summary-download-files>
                            <a
                              class="govuk-link"
                              href="/"
                              target="_blank"
                            >
                              ADS_1-T00002 CCA2 Underlying Agreement v1.pdf
                            </a>
                          </cca-summary-download-files>
                        </dd>
                        <dd
                          class="govuk-summary-list__actions"
                          govuksummarylistrowactions=""
                        />
                      </div>
                      <div
                        class="govuk-summary-list__row"
                        govuksummarylistrow=""
                      >
                        <dt
                          class="govuk-summary-list__key"
                          govuksummarylistrowkey=""
                        >
                          Activation date
                        </dt>
                        <dd
                          class="govuk-summary-list__value"
                          govuksummarylistrowvalue=""
                        >
                          <span>
                            30 Sep 2024
                          </span>
                        </dd>
                        <dd
                          class="govuk-summary-list__actions"
                          govuksummarylistrowactions=""
                        />
                      </div>
                    </dl>
                  </div>
                </div>
              </cca-agreement-details>
            </cca-scheme-details>
            <div
              class="govuk-grid-row"
            >
              <div
                class="govuk-grid-column-full"
              >
                <h2>
                  Target unit details
                </h2>
                <dl
                  class="govuk-summary-list govuk-!-margin-bottom-9"
                  data-testid="target-unit-details"
                  govuk-summary-list=""
                >
                  <div
                    class="govuk-summary-list__row"
                    govuksummarylistrow=""
                  >
                    <dt
                      class="govuk-summary-list__key"
                      govuksummarylistrowkey=""
                    >
                      Operator name
                    </dt>
                    <dd
                      class="govuk-summary-list__value"
                      govuksummarylistrowvalue=""
                    >
                      <span>
                         Target unit name 01 
                      </span>
                    </dd>
                    <dd
                      class="govuk-summary-list__actions"
                      govuksummarylistrowactions=""
                    />
                  </div>
                  <div
                    class="govuk-summary-list__row"
                    govuksummarylistrow=""
                  >
                    <dt
                      class="govuk-summary-list__key"
                      govuksummarylistrowkey=""
                    >
                      Operator type
                    </dt>
                    <dd
                      class="govuk-summary-list__value"
                      govuksummarylistrowvalue=""
                    >
                      <span>
                         Limited company 
                      </span>
                    </dd>
                    <dd
                      class="govuk-summary-list__actions"
                      govuksummarylistrowactions=""
                    />
                  </div>
                  <div
                    class="govuk-summary-list__row"
                    govuksummarylistrow=""
                  >
                    <dt
                      class="govuk-summary-list__key"
                      govuksummarylistrowkey=""
                    >
                      Company number
                    </dt>
                    <dd
                      class="govuk-summary-list__value"
                      govuksummarylistrowvalue=""
                    >
                      <span>
                        2636942
                      </span>
                    </dd>
                    <dd
                      class="govuk-summary-list__actions"
                      govuksummarylistrowactions=""
                    />
                  </div>
                  <div
                    class="govuk-summary-list__row"
                    govuksummarylistrow=""
                  >
                    <dt
                      class="govuk-summary-list__key"
                      govuksummarylistrowkey=""
                    >
                      Standard industrial classification (SIC) codes
                    </dt>
                    <dd
                      class="govuk-summary-list__value"
                      govuksummarylistrowvalue=""
                    >
                      <span>
                        01110
                      </span>
                    </dd>
                  </div>
                  <div
                    class="govuk-summary-list__row"
                    govuksummarylistrow=""
                  >
                    <dt
                      class="govuk-summary-list__key"
                      govuksummarylistrowkey=""
                    >
                      Subsector
                    </dt>
                    <dd
                      class="govuk-summary-list__value"
                      govuksummarylistrowvalue=""
                    >
                      <span>
                      </span>
                    </dd>
                    <dd
                      class="govuk-summary-list__actions"
                      govuksummarylistrowactions=""
                    />
                  </div>
                </dl>
              </div>
            </div>
            <div
              class="govuk-grid-row"
            >
              <div
                class="govuk-grid-column-full"
              >
                <h2>
                  Financial independence
                </h2>
                <dl
                  class="govuk-summary-list govuk-!-margin-bottom-9"
                  data-testid="financial-independence"
                  govuk-summary-list=""
                >
                  <div
                    class="govuk-summary-list__row"
                    govuksummarylistrow=""
                  >
                    <dt
                      class="govuk-summary-list__key"
                      govuksummarylistrowkey=""
                    >
                      Status
                    </dt>
                    <dd
                      class="govuk-summary-list__value"
                      govuksummarylistrowvalue=""
                    >
                      <span>
                        Financially independent
                      </span>
                    </dd>
                  </div>
                </dl>
              </div>
            </div>
            <div
              class="govuk-grid-row"
            >
              <div
                class="govuk-grid-column-full"
              >
                <h2>
                  Operator address
                </h2>
                <dl
                  class="govuk-summary-list govuk-!-margin-bottom-9"
                  data-testid="operator-address"
                  govuk-summary-list=""
                >
                  <div
                    class="govuk-summary-list__row"
                    govuksummarylistrow=""
                  >
                    <dt
                      class="govuk-summary-list__key"
                      govuksummarylistrowkey=""
                    >
                      Address
                    </dt>
                    <dd
                      class="pre-line govuk-summary-list__value"
                      govuksummarylistrowvalue=""
                    >
                       Line 1
  Line 2
  City
  County
  SE23 6FH
  GR 
                    </dd>
                    <dd
                      class="govuk-summary-list__actions"
                      govuksummarylistrowactions=""
                    />
                  </div>
                </dl>
              </div>
            </div>
            <div
              class="govuk-grid-row"
            >
              <div
                class="govuk-grid-column-full"
              >
                <h2>
                  Responsible Person
                </h2>
                <dl
                  class="govuk-summary-list govuk-!-margin-bottom-9"
                  data-testid="responsible-person"
                  govuk-summary-list=""
                >
                  <div
                    class="govuk-summary-list__row"
                    govuksummarylistrow=""
                  >
                    <dt
                      class="govuk-summary-list__key"
                      govuksummarylistrowkey=""
                    >
                      First name
                    </dt>
                    <dd
                      class="govuk-summary-list__value"
                      govuksummarylistrowvalue=""
                    >
                      <span>
                        John
                      </span>
                    </dd>
                    <dd
                      class="govuk-summary-list__actions"
                      govuksummarylistrowactions=""
                    />
                  </div>
                  <div
                    class="govuk-summary-list__row"
                    govuksummarylistrow=""
                  >
                    <dt
                      class="govuk-summary-list__key"
                      govuksummarylistrowkey=""
                    >
                      Last name
                    </dt>
                    <dd
                      class="govuk-summary-list__value"
                      govuksummarylistrowvalue=""
                    >
                      <span>
                        Doe
                      </span>
                    </dd>
                    <dd
                      class="govuk-summary-list__actions"
                      govuksummarylistrowactions=""
                    />
                  </div>
                  <div
                    class="govuk-summary-list__row"
                    govuksummarylistrow=""
                  >
                    <dt
                      class="govuk-summary-list__key"
                      govuksummarylistrowkey=""
                    >
                      Job title
                    </dt>
                    <dd
                      class="govuk-summary-list__value"
                      govuksummarylistrowvalue=""
                    >
                      <span>
                        Job title 1
                      </span>
                    </dd>
                  </div>
                  <div
                    class="govuk-summary-list__row"
                    govuksummarylistrow=""
                  >
                    <dt
                      class="govuk-summary-list__key"
                      govuksummarylistrowkey=""
                    >
                      Email address
                    </dt>
                    <dd
                      class="govuk-summary-list__value"
                      govuksummarylistrowvalue=""
                    >
                      <span>
                        responsible@test.gr
                      </span>
                    </dd>
                    <dd
                      class="govuk-summary-list__actions"
                      govuksummarylistrowactions=""
                    />
                  </div>
                  <div
                    class="govuk-summary-list__row"
                    govuksummarylistrow=""
                  >
                    <dt
                      class="govuk-summary-list__key"
                      govuksummarylistrowkey=""
                    >
                      Phone number
                    </dt>
                    <dd
                      class="govuk-summary-list__value"
                      govuksummarylistrowvalue=""
                    >
                      <span>
                        GR (30) 6999999999
                      </span>
                    </dd>
                  </div>
                  <div
                    class="govuk-summary-list__row"
                    govuksummarylistrow=""
                  >
                    <dt
                      class="govuk-summary-list__key"
                      govuksummarylistrowkey=""
                    >
                      Address
                    </dt>
                    <dd
                      class="pre-line govuk-summary-list__value"
                      govuksummarylistrowvalue=""
                    >
                       Line 1
  Line 2
  City 2
  County2
  SE23 6FH2
  GR 
                    </dd>
                    <dd
                      class="govuk-summary-list__actions"
                      govuksummarylistrowactions=""
                    />
                  </div>
                </dl>
              </div>
            </div>
            <div
              class="govuk-grid-row"
            >
              <div
                class="govuk-grid-column-full"
              >
                <h2>
                  Administrative contact details
                </h2>
                <dl
                  class="govuk-summary-list govuk-!-margin-bottom-9"
                  data-testid="administrative-contact-details"
                  govuk-summary-list=""
                >
                  <div
                    class="govuk-summary-list__row"
                    govuksummarylistrow=""
                  >
                    <dt
                      class="govuk-summary-list__key"
                      govuksummarylistrowkey=""
                    >
                      First name
                    </dt>
                    <dd
                      class="govuk-summary-list__value"
                      govuksummarylistrowvalue=""
                    >
                      <span>
                        John
                      </span>
                    </dd>
                  </div>
                  <div
                    class="govuk-summary-list__row"
                    govuksummarylistrow=""
                  >
                    <dt
                      class="govuk-summary-list__key"
                      govuksummarylistrowkey=""
                    >
                      Last name
                    </dt>
                    <dd
                      class="govuk-summary-list__value"
                      govuksummarylistrowvalue=""
                    >
                      <span>
                        Doe
                      </span>
                    </dd>
                  </div>
                  <div
                    class="govuk-summary-list__row"
                    govuksummarylistrow=""
                  >
                    <dt
                      class="govuk-summary-list__key"
                      govuksummarylistrowkey=""
                    >
                      Job title
                    </dt>
                    <dd
                      class="govuk-summary-list__value"
                      govuksummarylistrowvalue=""
                    >
                      <span>
                        Job title 2
                      </span>
                    </dd>
                  </div>
                  <div
                    class="govuk-summary-list__row"
                    govuksummarylistrow=""
                  >
                    <dt
                      class="govuk-summary-list__key"
                      govuksummarylistrowkey=""
                    >
                      Email address
                    </dt>
                    <dd
                      class="govuk-summary-list__value"
                      govuksummarylistrowvalue=""
                    >
                      <span>
                        administrative@test.gr
                      </span>
                    </dd>
                  </div>
                  <div
                    class="govuk-summary-list__row"
                    govuksummarylistrow=""
                  >
                    <dt
                      class="govuk-summary-list__key"
                      govuksummarylistrowkey=""
                    >
                      Phone number
                    </dt>
                    <dd
                      class="govuk-summary-list__value"
                      govuksummarylistrowvalue=""
                    >
                      <span>
                        GR (30) 6999999999
                      </span>
                    </dd>
                  </div>
                  <div
                    class="govuk-summary-list__row"
                    govuksummarylistrow=""
                  >
                    <dt
                      class="govuk-summary-list__key"
                      govuksummarylistrowkey=""
                    >
                      Address
                    </dt>
                    <dd
                      class="pre-line govuk-summary-list__value"
                      govuksummarylistrowvalue=""
                    >
                       Line 2
  Line 22
  City 2
  County2
  SE23 6FH2
  GR 
                    </dd>
                  </div>
                </dl>
              </div>
            </div>
          </cca-details-summary>
        </div>
      </div>
    </govuk-tabs>
  </section>
</cca-target-unit>
`;
