// Jest Snapshot v1, https://jestjs.io/docs/snapshot-testing

exports[`SummaryComponent should display the correct header and caption 1`] = `
<cca-authorisation-additional-evidence-summary
  activatedRoute={[Function ActivatedRouteStub]}
  downloadUrl={[Function String]}
  requestTaskStore={[Function _RequestTaskStore]}
  summaryDataCurrent={[Function Array]}
  summaryDataOriginal={[Function Array]}
  taskId="null"
>
  <div>
    <netz-page-heading
      caption="Authorisation and additional evidence"
    >
      <span
        class="govuk-caption-l"
      >
        Authorisation and additional evidence
      </span>
      <h1
        class="govuk-heading-l"
      >
        Summary
      </h1>
    </netz-page-heading>
    <cca-highlight-diff>
      <div
        class="govuk-!-display-none"
      >
        <cca-summary>
          <dl
            class="govuk-summary-list govuk-!-margin-bottom-9"
            govuk-summary-list=""
          >
            <div
              class="govuk-summary-list__row"
              govuksummarylistrow=""
            >
              <dt
                class="govuk-summary-list__key"
                govuksummarylistrowkey=""
              >
                Authorisation
              </dt>
              <dd
                class="govuk-summary-list__value"
                govuksummarylistrowvalue=""
              >
                <cca-summary-download-files>
                  <a
                    class="govuk-link"
                    href="/tasks/null/file-download/2f611a22-bd5f-4fd4-b00f-c20bfb2706c9"
                    target="_blank"
                  >
                    authorisation_document.pdf
                  </a>
                </cca-summary-download-files>
              </dd>
              <dd
                class="govuk-summary-list__actions"
                govuksummarylistrowactions=""
              >
                <a
                  class="govuk-link"
                  href="/?change=true"
                >
                  Change
                </a>
              </dd>
            </div>
            <div
              class="govuk-summary-list__row"
              govuksummarylistrow=""
            >
              <dt
                class="govuk-summary-list__key"
                govuksummarylistrowkey=""
              >
                Additional evidence
              </dt>
              <dd
                class="govuk-summary-list__value"
                govuksummarylistrowvalue=""
              >
                <span>
                  No files provided
                </span>
              </dd>
              <dd
                class="govuk-summary-list__actions"
                govuksummarylistrowactions=""
              >
                <a
                  class="govuk-link"
                  href="/?change=true"
                >
                  Change
                </a>
              </dd>
            </div>
          </dl>
        </cca-summary>
      </div>
      <div
        class="govuk-!-display-none"
      >
        <cca-summary>
          <dl
            class="govuk-summary-list govuk-!-margin-bottom-9"
            govuk-summary-list=""
          >
            <div
              class="govuk-summary-list__row"
              govuksummarylistrow=""
            >
              <dt
                class="govuk-summary-list__key"
                govuksummarylistrowkey=""
              >
                Authorisation
              </dt>
              <dd
                class="govuk-summary-list__value"
                govuksummarylistrowvalue=""
              >
                <cca-summary-download-files>
                  <a
                    class="govuk-link"
                    href="/tasks/null/file-download/5a4b3c2d-1e2f-3g4h-5i6j-7k8l9m0n1o2p"
                    target="_blank"
                  >
                    authorisation_original.pdf
                  </a>
                </cca-summary-download-files>
              </dd>
              <dd
                class="govuk-summary-list__actions"
                govuksummarylistrowactions=""
              >
                <a
                  class="govuk-link"
                  href="/?change=true"
                >
                  Change
                </a>
              </dd>
            </div>
            <div
              class="govuk-summary-list__row"
              govuksummarylistrow=""
            >
              <dt
                class="govuk-summary-list__key"
                govuksummarylistrowkey=""
              >
                Additional evidence
              </dt>
              <dd
                class="govuk-summary-list__value"
                govuksummarylistrowvalue=""
              >
                <cca-summary-download-files>
                  <a
                    class="govuk-link"
                    href="/tasks/null/file-download/abcd1234-5678-90ef-ghij-klmnopqrstuv"
                    target="_blank"
                  >
                    additional_evidence_original.pdf
                  </a>
                </cca-summary-download-files>
              </dd>
              <dd
                class="govuk-summary-list__actions"
                govuksummarylistrowactions=""
              >
                <a
                  class="govuk-link"
                  href="/?change=true"
                >
                  Change
                </a>
              </dd>
            </div>
          </dl>
        </cca-summary>
      </div>
      <div
        class="highlight"
      >
        <dl
          class="govuk-summary-list govuk-!-margin-bottom-9"
        >
          <div
            class="govuk-summary-list__row"
          >
            <dt
              class="govuk-summary-list__key"
            >
              Authorisation
            </dt>
            <dd
              class="govuk-summary-list__value"
            >
              <a
                class="govuk-link"
                href="/tasks/null/file-download/2f611a22-bd5f-4fd4-b00f-c20bfb2706c9"
                target="_blank"
              >
                <del
                  class="diffmod"
                >
                  authorisation_original
                </del>
                <ins
                  class="diffmod"
                >
                  authorisation_document
                </ins>
                .pdf
              </a>
            </dd>
            <dd
              class="govuk-summary-list__actions"
            >
              <a
                class="govuk-link"
                href="/?change=true"
              >
                Change
              </a>
            </dd>
          </div>
          <div
            class="govuk-summary-list__row"
          >
            <dt
              class="govuk-summary-list__key"
            >
              Additional evidence
            </dt>
            <dd
              class="govuk-summary-list__value"
            >
              <a
                class="govuk-link"
                href="/tasks/null/file-download/abcd1234-5678-90ef-ghij-klmnopqrstuv"
                target="_blank"
              >
                <del
                  class="diffmod"
                >
                  additional_evidence_original.pdf
                </del>
              </a>
              <span>
                <ins
                  class="diffmod"
                >
                  No files provided
                </ins>
              </span>
            </dd>
            <dd
              class="govuk-summary-list__actions"
            >
              <a
                class="govuk-link"
                href="/?change=true"
              >
                Change
              </a>
            </dd>
          </div>
        </dl>
      </div>
    </cca-highlight-diff>
  </div><hr
    class="govuk-footer__section-break govuk-!-margin-bottom-3"
  /><netz-return-to-task-or-action-page>
    <a
      class="govuk-link"
      href="/undefined"
    >
       Return to: Apply to vary the underlying agreement 
    </a>
  </netz-return-to-task-or-action-page>
</cca-authorisation-additional-evidence-summary>
`;
