// Jest Snapshot v1, https://goo.gl/fbAQLP

exports[`TargetPeriod5Component should match snapshot 1`] = `
<cca-timeline-review-target-period-5
  requestActionStore={[Function _RequestActionStore]}
  summaryData={[Function Function]}
  summaryMetadata={[Function Object]}
>
  <div>
    <netz-page-heading>
      <h1
        class="govuk-heading-l"
      >
        TP5 (2021-2022)
      </h1>
    </netz-page-heading>
    <cca-summary>
      <h2
        class="govuk-heading-m"
      >
      </h2>
      <dl
        class="govuk-summary-list govuk-!-margin-bottom-9"
        govuk-summary-list=""
      >
        <div
          class="govuk-summary-list__row"
          govuksummarylistrow=""
        >
          <dt
            class="govuk-summary-list__key"
            govuksummarylistrowkey=""
          >
            Are you providing baseline and target information for TP5 (2021 to 2022)?
          </dt>
          <dd
            class="govuk-summary-list__value"
            govuksummarylistrowvalue=""
          >
             No 
          </dd>
        </div>
      </dl>
      <h2
        class="govuk-heading-m"
      >
        Decision Summary
      </h2>
      <dl
        class="govuk-summary-list govuk-!-margin-bottom-9"
        govuk-summary-list=""
      >
        <div
          class="govuk-summary-list__row"
          govuksummarylistrow=""
        >
          <dt
            class="govuk-summary-list__key"
            govuksummarylistrowkey=""
          >
            Decision status
          </dt>
          <dd
            class="govuk-summary-list__value"
            govuksummarylistrowvalue=""
          >
             Accepted 
          </dd>
        </div>
        <div
          class="govuk-summary-list__row"
          govuksummarylistrow=""
        >
          <dt
            class="govuk-summary-list__key"
            govuksummarylistrowkey=""
          >
            Notes
          </dt>
          <dd
            class="govuk-summary-list__value"
            govuksummarylistrowvalue=""
          >
             ok 
          </dd>
        </div>
        <div
          class="govuk-summary-list__row"
          govuksummarylistrow=""
        >
          <dt
            class="govuk-summary-list__key"
            govuksummarylistrowkey=""
          >
            Uploaded files
          </dt>
          <dd
            class="govuk-summary-list__value"
            govuksummarylistrowvalue=""
          >
            <span>
              No files provided
            </span>
          </dd>
        </div>
      </dl>
    </cca-summary>
  </div>
</cca-timeline-review-target-period-5>
`;
