// Jest Snapshot v1, https://jestjs.io/docs/snapshot-testing

exports[`CheckYourAnswersComponent should render the summary sections and rows 1`] = `
<cca-check-your-answers
  requestTaskStore={[Function _RequestTaskStore]}
  route={[Function ActivatedRouteStub]}
  router={[Function Object]}
  summaryData={[Function Function]}
  tasksApiService={[Function Object]}
>
  <div>
    <netz-page-heading
      caption="Change"
    >
      <span
        class="govuk-caption-l"
      >
        Change
      </span>
      <h1
        class="govuk-heading-l"
      >
        Check your answers
      </h1>
    </netz-page-heading>
    <cca-summary>
      <h2
        class="govuk-heading-m"
      >
        Target unit details
      </h2>
      <dl
        class="govuk-summary-list govuk-!-margin-bottom-9"
        govuk-summary-list=""
      >
        <div
          class="govuk-summary-list__row"
          govuksummarylistrow=""
        >
          <dt
            class="govuk-summary-list__key"
            govuksummarylistrowkey=""
          >
            Operator name
          </dt>
          <dd
            class="govuk-summary-list__value"
            govuksummarylistrowvalue=""
          >
            <span>
              operator name
            </span>
          </dd>
          <dd
            class="govuk-summary-list__actions"
            govuksummarylistrowactions=""
          >
            <a
              class="govuk-link"
              href=""
            >
              Change
            </a>
          </dd>
        </div>
        <div
          class="govuk-summary-list__row"
          govuksummarylistrow=""
        >
          <dt
            class="govuk-summary-list__key"
            govuksummarylistrowkey=""
          >
            Operator type
          </dt>
          <dd
            class="govuk-summary-list__value"
            govuksummarylistrowvalue=""
          >
            <span>
              Limited company
            </span>
          </dd>
          <dd
            class="govuk-summary-list__actions"
            govuksummarylistrowactions=""
          >
            <a
              class="govuk-link"
              href=""
            >
              Change
            </a>
          </dd>
        </div>
        <div
          class="govuk-summary-list__row"
          govuksummarylistrow=""
        >
          <dt
            class="govuk-summary-list__key"
            govuksummarylistrowkey=""
          >
            Company number
          </dt>
          <dd
            class="govuk-summary-list__value"
            govuksummarylistrowvalue=""
          >
            <span>
              11112222
            </span>
          </dd>
          <dd
            class="govuk-summary-list__actions"
            govuksummarylistrowactions=""
          >
            <a
              class="govuk-link"
              href=""
            >
              Change
            </a>
          </dd>
        </div>
        <div
          class="govuk-summary-list__row"
          govuksummarylistrow=""
        >
          <dt
            class="govuk-summary-list__key"
            govuksummarylistrowkey=""
          >
            Reason for not having a registration number
          </dt>
          <dd
            class="govuk-summary-list__value"
            govuksummarylistrowvalue=""
          >
            <span>
            </span>
          </dd>
          <dd
            class="govuk-summary-list__actions"
            govuksummarylistrowactions=""
          >
            <a
              class="govuk-link"
              href=""
            >
              Change
            </a>
          </dd>
        </div>
      </dl>
      <h2
        class="govuk-heading-m"
      >
        Operator address
      </h2>
      <dl
        class="govuk-summary-list govuk-!-margin-bottom-9"
        govuk-summary-list=""
      >
        <div
          class="govuk-summary-list__row"
          govuksummarylistrow=""
        >
          <dt
            class="govuk-summary-list__key"
            govuksummarylistrowkey=""
          >
            Address
          </dt>
          <dd
            class="govuk-summary-list__value"
            govuksummarylistrowvalue=""
          >
            <span>
              una operator addr line 1
            </span>
            <br />
            <span>
              una operator addr city
            </span>
            <br />
            <span>
              una operator addr postcode
            </span>
            <br />
            <span>
              una operator addr country
            </span>
          </dd>
          <dd
            class="govuk-summary-list__actions"
            govuksummarylistrowactions=""
          >
            <a
              class="govuk-link"
              href=""
            >
              Change
            </a>
          </dd>
        </div>
      </dl>
      <h2
        class="govuk-heading-m"
      >
        Responsible Person
      </h2>
      <dl
        class="govuk-summary-list govuk-!-margin-bottom-9"
        govuk-summary-list=""
      >
        <div
          class="govuk-summary-list__row"
          govuksummarylistrow=""
        >
          <dt
            class="govuk-summary-list__key"
            govuksummarylistrowkey=""
          >
            First name
          </dt>
          <dd
            class="govuk-summary-list__value"
            govuksummarylistrowvalue=""
          >
            <span>
              test 1
            </span>
          </dd>
          <dd
            class="govuk-summary-list__actions"
            govuksummarylistrowactions=""
          >
            <a
              class="govuk-link"
              href=""
            >
              Change
            </a>
          </dd>
        </div>
        <div
          class="govuk-summary-list__row"
          govuksummarylistrow=""
        >
          <dt
            class="govuk-summary-list__key"
            govuksummarylistrowkey=""
          >
            Last name
          </dt>
          <dd
            class="govuk-summary-list__value"
            govuksummarylistrowvalue=""
          >
            <span>
              test 2
            </span>
          </dd>
          <dd
            class="govuk-summary-list__actions"
            govuksummarylistrowactions=""
          >
            <a
              class="govuk-link"
              href=""
            >
              Change
            </a>
          </dd>
        </div>
        <div
          class="govuk-summary-list__row"
          govuksummarylistrow=""
        >
          <dt
            class="govuk-summary-list__key"
            govuksummarylistrowkey=""
          >
            Email address
          </dt>
          <dd
            class="govuk-summary-list__value"
            govuksummarylistrowvalue=""
          >
            <span>
              test@test.com
            </span>
          </dd>
          <dd
            class="govuk-summary-list__actions"
            govuksummarylistrowactions=""
          >
            <a
              class="govuk-link"
              href=""
            >
              Change
            </a>
          </dd>
        </div>
        <div
          class="govuk-summary-list__row"
          govuksummarylistrow=""
        >
          <dt
            class="govuk-summary-list__key"
            govuksummarylistrowkey=""
          >
            Address
          </dt>
          <dd
            class="govuk-summary-list__value"
            govuksummarylistrowvalue=""
          >
            <span>
              una resp addr line 1
            </span>
            <br />
            <span>
              una resp addr line 2
            </span>
            <br />
            <span>
              una resp addr line city
            </span>
            <br />
            <span>
              una resp addr county
            </span>
            <br />
            <span>
              una resp addr line postcode
            </span>
            <br />
            <span>
              una resp addr country
            </span>
          </dd>
          <dd
            class="govuk-summary-list__actions"
            govuksummarylistrowactions=""
          >
            <a
              class="govuk-link"
              href=""
            >
              Change
            </a>
          </dd>
        </div>
      </dl>
    </cca-summary>
    <button
      class="govuk-button"
      govukbutton=""
      netzpendingbutton=""
      type="button"
    >
      Confirm and complete
    </button>
  </div><hr
    class="govuk-footer__section-break govuk-!-margin-bottom-3"
  /><netz-return-to-task-or-action-page>
    <a
      class="govuk-link"
      href=""
    >
       Return to: Apply for underlying agreement 
    </a>
  </netz-return-to-task-or-action-page>
</cca-check-your-answers>
`;
